Component: ARM Compiler 5.06 update 5 (build 528) Tool: armlink [4d35e2]

==============================================================================

Section Cross References

    stm32f10x_adc.o(i.ADC_DeInit) refers to stm32f10x_rcc.o(i.RCC_APB2PeriphResetCmd) for RCC_APB2PeriphResetCmd
    stm32f10x_bkp.o(i.BKP_DeInit) refers to stm32f10x_rcc.o(i.RCC_BackupResetCmd) for RCC_BackupResetCmd
    stm32f10x_can.o(i.CAN_DeInit) refers to stm32f10x_rcc.o(i.RCC_APB1PeriphResetCmd) for RCC_APB1PeriphResetCmd
    stm32f10x_can.o(i.CAN_GetITStatus) refers to stm32f10x_can.o(i.CheckITStatus) for CheckITStatus
    stm32f10x_cec.o(i.CEC_DeInit) refers to stm32f10x_rcc.o(i.RCC_APB1PeriphResetCmd) for RCC_APB1PeriphResetCmd
    stm32f10x_dac.o(i.DAC_DeInit) refers to stm32f10x_rcc.o(i.RCC_APB1PeriphResetCmd) for RCC_APB1PeriphResetCmd
    stm32f10x_flash.o(i.FLASH_EnableWriteProtection) refers to stm32f10x_flash.o(i.FLASH_WaitForLastOperation) for FLASH_WaitForLastOperation
    stm32f10x_flash.o(i.FLASH_EraseAllBank1Pages) refers to stm32f10x_flash.o(i.FLASH_WaitForLastBank1Operation) for FLASH_WaitForLastBank1Operation
    stm32f10x_flash.o(i.FLASH_EraseAllPages) refers to stm32f10x_flash.o(i.FLASH_WaitForLastOperation) for FLASH_WaitForLastOperation
    stm32f10x_flash.o(i.FLASH_EraseOptionBytes) refers to stm32f10x_flash.o(i.FLASH_GetReadOutProtectionStatus) for FLASH_GetReadOutProtectionStatus
    stm32f10x_flash.o(i.FLASH_EraseOptionBytes) refers to stm32f10x_flash.o(i.FLASH_WaitForLastOperation) for FLASH_WaitForLastOperation
    stm32f10x_flash.o(i.FLASH_ErasePage) refers to stm32f10x_flash.o(i.FLASH_WaitForLastOperation) for FLASH_WaitForLastOperation
    stm32f10x_flash.o(i.FLASH_ProgramHalfWord) refers to stm32f10x_flash.o(i.FLASH_WaitForLastOperation) for FLASH_WaitForLastOperation
    stm32f10x_flash.o(i.FLASH_ProgramOptionByteData) refers to stm32f10x_flash.o(i.FLASH_WaitForLastOperation) for FLASH_WaitForLastOperation
    stm32f10x_flash.o(i.FLASH_ProgramWord) refers to stm32f10x_flash.o(i.FLASH_WaitForLastOperation) for FLASH_WaitForLastOperation
    stm32f10x_flash.o(i.FLASH_ReadOutProtection) refers to stm32f10x_flash.o(i.FLASH_WaitForLastOperation) for FLASH_WaitForLastOperation
    stm32f10x_flash.o(i.FLASH_UserOptionByteConfig) refers to stm32f10x_flash.o(i.FLASH_WaitForLastOperation) for FLASH_WaitForLastOperation
    stm32f10x_flash.o(i.FLASH_WaitForLastBank1Operation) refers to stm32f10x_flash.o(i.FLASH_GetBank1Status) for FLASH_GetBank1Status
    stm32f10x_flash.o(i.FLASH_WaitForLastOperation) refers to stm32f10x_flash.o(i.FLASH_GetBank1Status) for FLASH_GetBank1Status
    stm32f10x_gpio.o(i.GPIO_AFIODeInit) refers to stm32f10x_rcc.o(i.RCC_APB2PeriphResetCmd) for RCC_APB2PeriphResetCmd
    stm32f10x_gpio.o(i.GPIO_DeInit) refers to stm32f10x_rcc.o(i.RCC_APB2PeriphResetCmd) for RCC_APB2PeriphResetCmd
    stm32f10x_i2c.o(i.I2C_DeInit) refers to stm32f10x_rcc.o(i.RCC_APB1PeriphResetCmd) for RCC_APB1PeriphResetCmd
    stm32f10x_i2c.o(i.I2C_Init) refers to stm32f10x_rcc.o(i.RCC_GetClocksFreq) for RCC_GetClocksFreq
    stm32f10x_pwr.o(i.PWR_DeInit) refers to stm32f10x_rcc.o(i.RCC_APB1PeriphResetCmd) for RCC_APB1PeriphResetCmd
    stm32f10x_rcc.o(i.RCC_GetClocksFreq) refers to stm32f10x_rcc.o(.data) for .data
    stm32f10x_rcc.o(i.RCC_WaitForHSEStartUp) refers to stm32f10x_rcc.o(i.RCC_GetFlagStatus) for RCC_GetFlagStatus
    stm32f10x_rtc.o(i.RTC_SetAlarm) refers to stm32f10x_rtc.o(i.RTC_EnterConfigMode) for RTC_EnterConfigMode
    stm32f10x_rtc.o(i.RTC_SetAlarm) refers to stm32f10x_rtc.o(i.RTC_ExitConfigMode) for RTC_ExitConfigMode
    stm32f10x_rtc.o(i.RTC_SetCounter) refers to stm32f10x_rtc.o(i.RTC_EnterConfigMode) for RTC_EnterConfigMode
    stm32f10x_rtc.o(i.RTC_SetCounter) refers to stm32f10x_rtc.o(i.RTC_ExitConfigMode) for RTC_ExitConfigMode
    stm32f10x_rtc.o(i.RTC_SetPrescaler) refers to stm32f10x_rtc.o(i.RTC_EnterConfigMode) for RTC_EnterConfigMode
    stm32f10x_rtc.o(i.RTC_SetPrescaler) refers to stm32f10x_rtc.o(i.RTC_ExitConfigMode) for RTC_ExitConfigMode
    stm32f10x_spi.o(i.I2S_Init) refers to stm32f10x_rcc.o(i.RCC_GetClocksFreq) for RCC_GetClocksFreq
    stm32f10x_spi.o(i.SPI_I2S_DeInit) refers to stm32f10x_rcc.o(i.RCC_APB2PeriphResetCmd) for RCC_APB2PeriphResetCmd
    stm32f10x_spi.o(i.SPI_I2S_DeInit) refers to stm32f10x_rcc.o(i.RCC_APB1PeriphResetCmd) for RCC_APB1PeriphResetCmd
    stm32f10x_tim.o(i.TIM_DeInit) refers to stm32f10x_rcc.o(i.RCC_APB2PeriphResetCmd) for RCC_APB2PeriphResetCmd
    stm32f10x_tim.o(i.TIM_DeInit) refers to stm32f10x_rcc.o(i.RCC_APB1PeriphResetCmd) for RCC_APB1PeriphResetCmd
    stm32f10x_tim.o(i.TIM_ETRClockMode1Config) refers to stm32f10x_tim.o(i.TIM_ETRConfig) for TIM_ETRConfig
    stm32f10x_tim.o(i.TIM_ETRClockMode2Config) refers to stm32f10x_tim.o(i.TIM_ETRConfig) for TIM_ETRConfig
    stm32f10x_tim.o(i.TIM_ICInit) refers to stm32f10x_tim.o(i.TI4_Config) for TI4_Config
[...]
    _get_lc_time                              - Undefined Weak Reference
    _getenv_init                              - Undefined Weak Reference
    _handle_redirection                       - Undefined Weak Reference
    _init_alloc                               - Undefined Weak Reference
    _init_user_alloc                          - Undefined Weak Reference
    _initio                                   - Undefined Weak Reference
    _printf_mbtowc                            - Undefined Weak Reference
    _printf_wc                                - Undefined Weak Reference
    _rand_init                                - Undefined Weak Reference
    _scanf_longlong                           - Undefined Weak Reference
    _scanf_mbtowc                             - Undefined Weak Reference
    _scanf_real                               - Undefined Weak Reference
    _scanf_string                             - Undefined Weak Reference
    _scanf_wctomb                             - Undefined Weak Reference
    _scanf_wstring                            - Undefined Weak Reference
    _signal_finish                            - Undefined Weak Reference
    _signal_init                              - Undefined Weak Reference
    _terminate_alloc                          - Undefined Weak Reference
    _terminate_user_alloc                     - Undefined Weak Reference
    _terminateio                              - Undefined Weak Reference
    __Vectors_Size                           0x000000ec   Number         0  startup_stm32f10x_md.o ABSOLUTE
    __Vectors                                0x08000000   Data           4  startup_stm32f10x_md.o(RESET)
    __Vectors_End                            0x080000ec   Data           0  startup_stm32f10x_md.o(RESET)
    __main                                   0x080000ed   Thumb Code     8  __main.o(!!!main)
    __scatterload                            0x080000f5   Thumb Code     0  __scatter.o(!!!scatter)
    __scatterload_rt2                        0x080000f5   Thumb Code    44  __scatter.o(!!!scatter)
    __scatterload_rt2_thumb_only             0x080000f5   Thumb Code     0  __scatter.o(!!!scatter)
    __scatterload_null                       0x08000103   Thumb Code     0  __scatter.o(!!!scatter)
    __scatterload_copy                       0x08000129   Thumb Code    26  __scatter_copy.o(!!handler_copy)
    __scatterload_zeroinit                   0x08000145   Thumb Code    28  __scatter_zi.o(!!handler_zi)
    _printf_n                                0x08000161   Thumb Code     0  _printf_n.o(.ARM.Collect$$_printf_percent$$00000001)
    _printf_percent                          0x08000161   Thumb Code     0  _printf_percent.o(.ARM.Collect$$_printf_percent$$00000000)
    _printf_p                                0x08000167   Thumb Code     0  _printf_p.o(.ARM.Collect$$_printf_percent$$00000002)
    _printf_f                                0x0800016d   Thumb Code     0  _printf_f.o(.ARM.Collect$$_printf_percent$$00000003)
    _printf_e                                0x08000173   Thumb Code     0  _printf_e.o(.ARM.Collect$$_printf_percent$$00000004)
    _printf_g                                0x08000179   Thumb Code     0  _printf_g.o(.ARM.Collect$$_printf_percent$$00000005)
    _printf_a                                0x0800017f   Thumb Code     0  _printf_a.o(.ARM.Collect$$_printf_percent$$00000006)
    _printf_ll                               0x08000185   Thumb Code     0  _printf_ll.o(.ARM.Collect$$_printf_percent$$00000007)
    _printf_i                                0x0800018f   Thumb Code     0  _printf_i.o(.ARM.Collect$$_printf_percent$$00000008)
    _printf_d                                0x08000195   Thumb Code     0  _printf_d.o(.ARM.Collect$$_printf_percent$$00000009)
    _printf_u                                0x0800019b   Thumb Code     0  _printf_u.o(.ARM.Collect$$_printf_percent$$0000000A)
    _printf_o                                0x080001a1   Thumb Code     0  _printf_o.o(.ARM.Collect$$_printf_percent$$0000000B)
    _printf_x                                0x080001a7   Thumb Code     0  _printf_x.o(.ARM.Collect$$_printf_percent$$0000000C)
    _printf_lli                              0x080001ad   Thumb Code     0  _printf_lli.o(.ARM.Collect$$_printf_percent$$0000000D)
    _printf_lld                              0x080001b3   Thumb Code     0  _printf_lld.o(.ARM.Collect$$_printf_percent$$0000000E)
    _printf_llu                              0x080001b9   Thumb Code     0  _printf_llu.o(.ARM.Collect$$_printf_percent$$0000000F)
    _printf_llo                              0x080001bf   Thumb Code     0  _printf_llo.o(.ARM.Collect$$_printf_percent$$00000010)
    _printf_llx                              0x080001c5   Thumb Code     0  _printf_llx.o(.ARM.Collect$$_printf_percent$$00000011)
    _printf_l                                0x080001cb   Thumb Code     0  _printf_l.o(.ARM.Collect$$_printf_percent$$00000012)
    _printf_c                                0x080001d5   Thumb Code     0  _printf_c.o(.ARM.Collect$$_printf_percent$$00000013)
    _printf_s                                0x080001db   Thumb Code     0  _printf_s.o(.ARM.Collect$$_printf_percent$$00000014)
    _printf_lc                               0x080001e1   Thumb Code     0  _printf_lc.o(.ARM.Collect$$_printf_percent$$00000015)
    _printf_ls                               0x080001e7   Thumb Code     0  _printf_ls.o(.ARM.Collect$$_printf_percent$$00000016)
    _printf_percent_end                      0x080001ed   Thumb Code     0  _printf_percent_end.o(.ARM.Collect$$_printf_percent$$00000017)
    __rt_lib_init                            0x080001f1   Thumb Code     0  libinit.o(.ARM.Collect$$libinit$$00000000)
    __rt_lib_init_fp_1                       0x080001f3   Thumb Code     0  libinit2.o(.ARM.Collect$$libinit$$00000002)
    __rt_lib_init_heap_1                     0x080001f3   Thumb Code     0  libinit2.o(.ARM.Collect$$libinit$$0000000A)
    __rt_lib_init_lc_common                  0x080001f3   Thumb Code     0  libinit2.o(.ARM.Collect$$libinit$$0000000F)
    __rt_lib_init_preinit_1                  0x080001f3   Thumb Code     0  libinit2.o(.ARM.Collect$$libinit$$00000004)
    __rt_lib_init_rand_1                     0x080001f3   Thumb Code     0  libinit2.o(.ARM.Collect$$libinit$$0000000E)
    __rt_lib_init_user_alloc_1               0x080001f3   Thumb Code     0  libinit2.o(.ARM.Collect$$libinit$$0000000C)
    __rt_lib_init_lc_collate_1               0x080001f9   Thumb Code     0  libinit2.o(.ARM.Collect$$libinit$$00000011)
    __rt_lib_init_lc_ctype_2                 0x080001f9   Thumb Code     0  libinit2.o(.ARM.Collect$$libinit$$00000012)
    __rt_lib_init_lc_ctype_1                 0x08000205   Thumb Code     0  libinit2.o(.ARM.Collect$$libinit$$00000013)
    __rt_lib_init_lc_monetary_1              0x08000205   Thumb Code     0  libinit2.o(.ARM.Collect$$libinit$$00000015)
    __rt_lib_init_lc_numeric_2               0x08000205   Thumb Code     0  libinit2.o(.ARM.Collect$$libinit$$00000016)
    __rt_lib_init_alloca_1                   0x0800020f   Thumb Code     0  libinit2.o(.ARM.Collect$$libinit$$0000002E)
    __rt_lib_init_argv_1                     0x0800020f   Thumb Code     0  libinit2.o(.ARM.Collect$$libinit$$0000002C)
    __rt_lib_init_atexit_1                   0x0800020f   Thumb Code     0  libinit2.o(.ARM.Collect$$libinit$$0000001B)
    __rt_lib_init_clock_1                    0x0800020f   Thumb Code     0  libinit2.o(.ARM.Collect$$libinit$$00000021)
    __rt_lib_init_cpp_1                      0x0800020f   Thumb Code     0  libinit2.o(.ARM.Collect$$libinit$$00000032)
    __rt_lib_init_exceptions_1               0x0800020f   Thumb Code     0  libinit2.o(.ARM.Collect$$libinit$$00000030)
    __rt_lib_init_fp_trap_1                  0x0800020f   Thumb Code     0  libinit2.o(.ARM.Collect$$libinit$$0000001F)
    __rt_lib_init_getenv_1                   0x0800020f   Thumb Code     0  libinit2.o(.ARM.Collect$$libinit$$00000023)
    __rt_lib_init_lc_numeric_1               0x0800020f   Thumb Code     0  libinit2.o(.ARM.Collect$$libinit$$00000017)
    __rt_lib_init_lc_time_1                  0x0800020f   Thumb Code     0  libinit2.o(.ARM.Collect$$libinit$$00000019)
    __rt_lib_init_return                     0x0800020f   Thumb Code     0  libinit2.o(.ARM.Collect$$libinit$$00000033)
    __rt_lib_init_signal_1                   0x0800020f   Thumb Code     0  libinit2.o(.ARM.Collect$$libinit$$0000001D)
    __rt_lib_init_stdio_1                    0x0800020f   Thumb Code     0  libinit2.o(.ARM.Collect$$libinit$$00000025)
    __rt_lib_shutdown                        0x08000211   Thumb Code     0  libshutdown.o(.ARM.Collect$$libshutdown$$00000000)
    __rt_lib_shutdown_cpp_1                  0x08000213   Thumb Code     0  libshutdown2.o(.ARM.Collect$$libshutdown$$00000002)
    __rt_lib_shutdown_fp_trap_1              0x08000213   Thumb Code     0  libshutdown2.o(.ARM.Collect$$libshutdown$$00000007)
    __rt_lib_shutdown_heap_1                 0x08000213   Thumb Code     0  libshutdown2.o(.ARM.Collect$$libshutdown$$0000000F)
    __rt_lib_shutdown_return                 0x08000213   Thumb Code     0  libshutdown2.o(.ARM.Collect$$libshutdown$$00000010)
    __rt_lib_shutdown_signal_1               0x08000213   Thumb Code     0  libshutdown2.o(.ARM.Collect$$libshutdown$$0000000A)
    __rt_lib_shutdown_stdio_1                0x08000213   Thumb Code     0  libshutdown2.o(.ARM.Collect$$libshutdown$$00000004)
    __rt_lib_shutdown_user_alloc_1           0x08000213   Thumb Code     0  libshutdown2.o(.ARM.Collect$$libshutdown$$0000000C)
    __rt_entry                               0x08000215   Thumb Code     0  __rtentry.o(.ARM.Collect$$rtentry$$00000000)
    __rt_entry_presh_1                       0x08000215   Thumb Code     0  __rtentry2.o(.ARM.Collect$$rtentry$$00000002)
    __rt_entry_sh                            0x08000215   Thumb Code     0  __rtentry4.o(.ARM.Collect$$rtentry$$00000004)
    __rt_entry_li                            0x0800021b   Thumb Code     0  __rtentry2.o(.ARM.Collect$$rtentry$$0000000A)
    __rt_entry_postsh_1                      0x0800021b   Thumb Code     0  __rtentry2.o(.ARM.Collect$$rtentry$$00000009)
    __rt_entry_main                          0x0800021f   Thumb Code     0  __rtentry2.o(.ARM.Collect$$rtentry$$0000000D)
    __rt_entry_postli_1                      0x0800021f   Thumb Code     0  __rtentry2.o(.ARM.Collect$$rtentry$$0000000C)
    __rt_exit                                0x08000227   Thumb Code     0  rtexit.o(.ARM.Collect$$rtexit$$00000000)
    __rt_exit_ls                             0x08000229   Thumb Code     0  rtexit2.o(.ARM.Collect$$rtexit$$00000003)
    __rt_exit_prels_1                        0x08000229   Thumb Code     0  rtexit2.o(.ARM.Collect$$rtexit$$00000002)
    __rt_exit_exit                           0x0800022d   Thumb Code     0  rtexit2.o(.ARM.Collect$$rtexit$$00000004)
    vPortSVCHandler                          0x08000235   Thumb Code    32  port.o(.emb_text)
    __asm___6_port_c_39a90d8d__prvStartFirstTask 0x08000259   Thumb Code    28  port.o(.emb_text)
    xPortPendSVHandler                       0x08000279   Thumb Code    72  port.o(.emb_text)
    vPortGetIPSR                             0x080002c5   Thumb Code     6  port.o(.emb_text)
    Reset_Handler                            0x080002cd   Thumb Code     8  startup_stm32f10x_md.o(.text)
    ADC1_2_IRQHandler                        0x080002e7   Thumb Code     0  startup_stm32f10x_md.o(.text)
    CAN1_RX1_IRQHandler                      0x080002e7   Thumb Code     0  startup_stm32f10x_md.o(.text)
    CAN1_SCE_IRQHandler                      0x080002e7   Thumb Code     0  startup_stm32f10x_md.o(.text)
    DMA1_Channel1_IRQHandler                 0x080002e7   Thumb Code     0  startup_stm32f10x_md.o(.text)
    DMA1_Channel2_IRQHandler                 0x080002e7   Thumb Code     0  startup_stm32f10x_md.o(.text)
    DMA1_Channel3_IRQHandler                 0x080002e7   Thumb Code     0  startup_stm32f10x_md.o(.text)
    DMA1_Channel4_IRQHandler                 0x080002e7   Thumb Code     0  startup_stm32f10x_md.o(.text)
    DMA1_Channel5_IRQHandler                 0x080002e7   Thumb Code     0  startup_stm32f10x_md.o(.text)
    DMA1_Channel6_IRQHandler                 0x080002e7   Thumb Code     0  startup_stm32f10x_md.o(.text)
    DMA1_Channel7_IRQHandler                 0x080002e7   Thumb Code     0  startup_stm32f10x_md.o(.text)
    EXTI0_IRQHandler                         0x080002e7   Thumb Code     0  startup_stm32f10x_md.o(.text)
    EXTI15_10_IRQHandler                     0x080002e7   Thumb Code     0  startup_stm32f10x_md.o(.text)
    EXTI1_IRQHandler                         0x080002e7   Thumb Code     0  startup_stm32f10x_md.o(.text)
    EXTI2_IRQHandler                         0x080002e7   Thumb Code     0  startup_stm32f10x_md.o(.text)
    EXTI3_IRQHandler                         0x080002e7   Thumb Code     0  startup_stm32f10x_md.o(.text)
    EXTI4_IRQHandler                         0x080002e7   Thumb Code     0  startup_stm32f10x_md.o(.text)
    FLASH_IRQHandler                         0x080002e7   Thumb Code     0  startup_stm32f10x_md.o(.text)
    I2C1_ER_IRQHandler                       0x080002e7   Thumb Code     0  startup_stm32f10x_md.o(.text)
    I2C1_EV_IRQHandler                       0x080002e7   Thumb Code     0  startup_stm32f10x_md.o(.text)
    I2C2_ER_IRQHandler                       0x080002e7   Thumb Code     0  startup_stm32f10x_md.o(.text)
    I2C2_EV_IRQHandler                       0x080002e7   Thumb Code     0  startup_stm32f10x_md.o(.text)
    PVD_IRQHandler                           0x080002e7   Thumb Code     0  startup_stm32f10x_md.o(.text)
    RCC_IRQHandler                           0x080002e7   Thumb Code     0  startup_stm32f10x_md.o(.text)
    RTCAlarm_IRQHandler                      0x080002e7   Thumb Code     0  startup_stm32f10x_md.o(.text)
    RTC_IRQHandler                           0x080002e7   Thumb Code     0  startup_stm32f10x_md.o(.text)
    SPI1_IRQHandler                          0x080002e7   Thumb Code     0  startup_stm32f10x_md.o(.text)
    SPI2_IRQHandler                          0x080002e7   Thumb Code     0  startup_stm32f10x_md.o(.text)
    TAMPER_IRQHandler                        0x080002e7   Thumb Code     0  startup_stm32f10x_md.o(.text)
    TIM1_BRK_IRQHandler                      0x080002e7   Thumb Code     0  startup_stm32f10x_md.o(.text)
    TIM1_CC_IRQHandler                       0x080002e7   Thumb Code     0  startup_stm32f10x_md.o(.text)
    TIM1_TRG_COM_IRQHandler                  0x080002e7   Thumb Code     0  startup_stm32f10x_md.o(.text)
    TIM1_UP_IRQHandler                       0x080002e7   Thumb Code     0  startup_stm32f10x_md.o(.text)
    TIM2_IRQHandler                          0x080002e7   Thumb Code     0  startup_stm32f10x_md.o(.text)
    TIM3_IRQHandler                          0x080002e7   Thumb Code     0  startup_stm32f10x_md.o(.text)
    TIM4_IRQHandler                          0x080002e7   Thumb Code     0  startup_stm32f10x_md.o(.text)
    USART3_IRQHandler                        0x080002e7   Thumb Code     0  startup_stm32f10x_md.o(.text)
    USBWakeUp_IRQHandler                     0x080002e7   Thumb Code     0  startup_stm32f10x_md.o(.text)
    USB_HP_CAN1_TX_IRQHandler                0x080002e7   Thumb Code     0  startup_stm32f10x_md.o(.text)
    USB_LP_CAN1_RX0_IRQHandler               0x080002e7   Thumb Code     0  startup_stm32f10x_md.o(.text)
    WWDG_IRQHandler                          0x080002e7   Thumb Code     0  startup_stm32f10x_md.o(.text)
    __user_initial_stackheap                 0x080002e9   Thumb Code     0  startup_stm32f10x_md.o(.text)
    __aeabi_uldivmod                         0x0800030d   Thumb Code     0  lludivv7m.o(.text)
    _ll_udiv                                 0x0800030d   Thumb Code   238  lludivv7m.o(.text)
    vsnprintf                                0x080003fd   Thumb Code    48  vsnprintf.o(.text)
    __2snprintf                              0x08000431   Thumb Code    50  __2snprintf.o(.text)
    _printf_pre_padding                      0x08000469   Thumb Code    44  _printf_pad.o(.text)
    _printf_post_padding                     0x08000495   Thumb Code    34  _printf_pad.o(.text)
    _printf_str                              0x080004b7   Thumb Code    82  _printf_str.o(.text)
    _printf_int_dec                          0x08000509   Thumb Code   104  _printf_dec.o(.text)
    __printf                                 0x08000581   Thumb Code   388  __printf_flags_ss_wp.o(.text)
    __0sscanf                                0x08000709   Thumb Code    52  __0sscanf.o(.text)
    _scanf_int                               0x08000745   Thumb Code   332  _scanf_int.o(.text)
    strchr                                   0x08000891   Thumb Code    20  strchr.o(.text)
    strstr                                   0x080008a5   Thumb Code    36  strstr.o(.text)
    __aeabi_memcpy                           0x080008c9   Thumb Code     0  rt_memcpy_v6.o(.text)
    __rt_memcpy                              0x080008c9   Thumb Code   138  rt_memcpy_v6.o(.text)
    _memcpy_lastbytes                        0x0800092f   Thumb Code     0  rt_memcpy_v6.o(.text)
    __aeabi_memset                           0x08000953   Thumb Code    16  aeabi_memset.o(.text)
    __aeabi_memclr                           0x08000963   Thumb Code     0  rt_memclr.o(.text)
    __rt_memclr                              0x08000963   Thumb Code    68  rt_memclr.o(.text)
    _memset                                  0x08000967   Thumb Code     0  rt_memclr.o(.text)
    __aeabi_memclr4                          0x080009a7   Thumb Code     0  rt_memclr_w.o(.text)
    __aeabi_memclr8                          0x080009a7   Thumb Code     0  rt_memclr_w.o(.text)
    __rt_memclr_w                            0x080009a7   Thumb Code    78  rt_memclr_w.o(.text)
    _memset_w                                0x080009ab   Thumb Code     0  rt_memclr_w.o(.text)
    strncpy                                  0x080009f5   Thumb Code    86  strncpy.o(.text)
    strcmp                                   0x08000a4d   Thumb Code   128  strcmpv7m.o(.text)
    __use_two_region_memory                  0x08000acd   Thumb Code     2  heapauxi.o(.text)
    __rt_heap_escrow$2region                 0x08000acf   Thumb Code     2  heapauxi.o(.text)
    __rt_heap_expand$2region                 0x08000ad1   Thumb Code     2  heapauxi.o(.text)
    _printf_truncate_signed                  0x08000ad3   Thumb Code    18  _printf_truncate.o(.text)
    _printf_truncate_unsigned                0x08000ae5   Thumb Code    18  _printf_truncate.o(.text)
    _printf_int_common                       0x08000af7   Thumb Code   178  _printf_intcommon.o(.text)
    _printf_charcount                        0x08000ba9   Thumb Code    40  _printf_charcount.o(.text)
    _printf_char_common                      0x08000bdb   Thumb Code    32  _printf_char_common.o(.text)
    _sputc                                   0x08000c01   Thumb Code    10  _sputc.o(.text)
    _snputc                                  0x08000c0b   Thumb Code    16  _snputc.o(.text)
    _printf_cs_common                        0x08000c1b   Thumb Code    20  _printf_char.o(.text)
    _printf_char                             0x08000c2f   Thumb Code    16  _printf_char.o(.text)
    _printf_string                           0x08000c3f   Thumb Code     8  _printf_char.o(.text)
    _printf_wctomb                           0x08000c49   Thumb Code   182  _printf_wctomb.o(.text)
    _printf_longlong_dec                     0x08000d05   Thumb Code   108  _printf_longlong_dec.o(.text)
    _printf_longlong_oct                     0x08000d81   Thumb Code    66  _printf_oct_int_ll.o(.text)
    _printf_int_oct                          0x08000dc3   Thumb Code    24  _printf_oct_int_ll.o(.text)
    _printf_ll_oct                           0x08000ddb   Thumb Code    12  _printf_oct_int_ll.o(.text)
    _printf_longlong_hex                     0x08000df1   Thumb Code    86  _printf_hex_int_ll_ptr.o(.text)
    _printf_int_hex                          0x08000e47   Thumb Code    28  _printf_hex_int_ll_ptr.o(.text)
    _printf_ll_hex                           0x08000e63   Thumb Code    12  _printf_hex_int_ll_ptr.o(.text)
    _printf_hex_ptr                          0x08000e6f   Thumb Code    18  _printf_hex_int_ll_ptr.o(.text)
    _chval                                   0x08000e85   Thumb Code    28  _chval.o(.text)
    __vfscanf_char                           0x08000ead   Thumb Code    24  scanf_char.o(.text)
    _sgetc                                   0x08000ecd   Thumb Code    30  _sgetc.o(.text)
    _sbackspace                              0x08000eeb   Thumb Code    34  _sgetc.o(.text)
    __aeabi_memcpy4                          0x08000f0d   Thumb Code     0  rt_memcpy_w.o(.text)
    __aeabi_memcpy8                          0x08000f0d   Thumb Code     0  rt_memcpy_w.o(.text)
    __rt_memcpy_w                            0x08000f0d   Thumb Code   100  rt_memcpy_w.o(.text)
    _memcpy_lastbytes_aligned                0x08000f55   Thumb Code     0  rt_memcpy_w.o(.text)
    _ll_udiv10                               0x08000f71   Thumb Code   138  lludiv10.o(.text)
    isspace                                  0x08000ffb   Thumb Code    18  isspace.o(.text)
    __lib_sel_fp_printf                      0x0800100d   Thumb Code     2  _printf_fp_dec.o(.text)
    _printf_fp_dec_real                      0x080011bf   Thumb Code   620  _printf_fp_dec.o(.text)
    _printf_fp_hex_real                      0x0800142d   Thumb Code   756  _printf_fp_hex.o(.text)
    _printf_lcs_common                       0x08001729   Thumb Code    20  _printf_wchar.o(.text)
    _printf_wchar                            0x0800173d   Thumb Code    16  _printf_wchar.o(.text)
    _printf_wstring                          0x0800174d   Thumb Code     8  _printf_wchar.o(.text)
    __vfscanf                                0x08001755   Thumb Code   878  _scanf.o(.text)
    _wcrtomb                                 0x08001ac9   Thumb Code    64  _wcrtomb.o(.text)
    __user_libspace                          0x08001b09   Thumb Code     8  libspace.o(.text)
    __user_perproc_libspace                  0x08001b09   Thumb Code     0  libspace.o(.text)
    __user_perthread_libspace                0x08001b09   Thumb Code     0  libspace.o(.text)
    __user_setup_stackheap                   0x08001b11   Thumb Code    74  sys_stackheap_outer.o(.text)
    __rt_ctype_table                         0x08001b5d   Thumb Code    16  rt_ctype_table.o(.text)
    __rt_locale                              0x08001b6d   Thumb Code     8  rt_locale_intlibspace.o(.text)
    _printf_fp_infnan                        0x08001b75   Thumb Code   112  _printf_fp_infnan.o(.text)
    _btod_etento                             0x08001bf5   Thumb Code   224  bigflt0.o(.text)
    exit                                     0x08001cd9   Thumb Code    18  exit.o(.text)
    _sys_exit                                0x08001ced   Thumb Code     8  sys_exit.o(.text)
    __I$use$semihosting                      0x08001cf9   Thumb Code     0  use_no_semi.o(.text)
    __use_no_semihosting_swi                 0x08001cf9   Thumb Code     2  use_no_semi.o(.text)
    __semihosting_library_function           0x08001cfb   Thumb Code     0  indicate_semi.o(.text)
    _btod_d2e                                0x08001cfb   Thumb Code    62  btod.o(CL$$btod_d2e)
    _d2e_denorm_low                          0x08001d39   Thumb Code    70  btod.o(CL$$btod_d2e_denorm_low)
    _d2e_norm_op1                            0x08001d7f   Thumb Code    96  btod.o(CL$$btod_d2e_norm_op1)
    __btod_div_common                        0x08001ddf   Thumb Code   696  btod.o(CL$$btod_div_common)
    _e2e                                     0x08002117   Thumb Code   220  btod.o(CL$$btod_e2e)
    _btod_ediv                               0x080021f3   Thumb Code    42  btod.o(CL$$btod_ediv)
    _btod_emul                               0x0800221d   Thumb Code    42  btod.o(CL$$btod_emul)
    __btod_mult_common                       0x08002247   Thumb Code   580  btod.o(CL$$btod_mult_common)
    BusFault_Handler                         0x0800248b   Thumb Code     2  stm32f10x_it.o(i.BusFault_Handler)
    DHT11_Init                               0x08002631   Thumb Code    50  dht11.o(i.DHT11_Init)
    DHT11_ReadData                           0x080026bd   Thumb Code   224  dht11.o(i.DHT11_ReadData)
    DebugMon_Handler                         0x080027a1   Thumb Code     2  stm32f10x_it.o(i.DebugMon_Handler)
    DebugSerial_Init                         0x080027a5   Thumb Code   158  debug_serial.o(i.DebugSerial_Init)
    DebugSerial_Printf                       0x0800284d   Thumb Code    32  debug_serial.o(i.DebugSerial_Printf)
    DebugSerial_RX_Reset                     0x0800286d   Thumb Code    16  debug_serial.o(i.DebugSerial_RX_Reset)
    DebugSerial_SendByte                     0x08002885   Thumb Code    26  debug_serial.o(i.DebugSerial_SendByte)
    DebugSerial_SendString                   0x080028a5   Thumb Code    20  debug_serial.o(i.DebugSerial_SendString)
    Delay_Init                               0x080028b9   Thumb Code    26  delay.o(i.Delay_Init)
    Delay_us                                 0x080028dd   Thumb Code    28  delay.o(i.Delay_us)
    EC11_Init                                0x08002905   Thumb Code   140  ec11.o(i.EC11_Init)
    ESP8266_CheckResponse                    0x08002995   Thumb Code    64  esp8266.o(i.ESP8266_CheckResponse)
    ESP8266_GetRxBuf                         0x080029d9   Thumb Code     4  esp8266.o(i.ESP8266_GetRxBuf)
    ESP8266_GetRxLen                         0x080029e1   Thumb Code     6  esp8266.o(i.ESP8266_GetRxLen)
    ESP8266_RX_Reset                         0x080029ed   Thumb Code    16  esp8266.o(i.ESP8266_RX_Reset)
    ESP8266_SendCmd                          0x08002a05   Thumb Code    16  esp8266.o(i.ESP8266_SendCmd)
    ESP8266_SendString                       0x08002a19   Thumb Code    36  esp8266.o(i.ESP8266_SendString)
    ESP8266_SetNotifyTask                    0x08002a41   Thumb Code     6  esp8266.o(i.ESP8266_SetNotifyTask)
    ESP8266_USART_Init                       0x08002a4d   Thumb Code   158  esp8266.o(i.ESP8266_USART_Init)
    EXTI9_5_IRQHandler                       0x08002af5   Thumb Code   104  ec11.o(i.EXTI9_5_IRQHandler)
    EXTI_ClearITPendingBit                   0x08002b65   Thumb Code     6  stm32f10x_exti.o(i.EXTI_ClearITPendingBit)
    EXTI_GetITStatus                         0x08002b71   Thumb Code    28  stm32f10x_exti.o(i.EXTI_GetITStatus)
    EXTI_Init                                0x08002b91   Thumb Code   110  stm32f10x_exti.o(i.EXTI_Init)
    GPIO_EXTILineConfig                      0x08002c05   Thumb Code    34  stm32f10x_gpio.o(i.GPIO_EXTILineConfig)
    GPIO_Init                                0x08002c2d   Thumb Code   166  stm32f10x_gpio.o(i.GPIO_Init)
    GPIO_ReadInputDataBit                    0x08002cd3   Thumb Code    14  stm32f10x_gpio.o(i.GPIO_ReadInputDataBit)
    GPIO_ResetBits                           0x08002ce1   Thumb Code     4  stm32f10x_gpio.o(i.GPIO_ResetBits)
    GPIO_SetBits                             0x08002ce5   Thumb Code     4  stm32f10x_gpio.o(i.GPIO_SetBits)
    GPIO_WriteBit                            0x08002ce9   Thumb Code    12  stm32f10x_gpio.o(i.GPIO_WriteBit)
    HardFault_Handler                        0x08002cf5   Thumb Code     2  stm32f10x_it.o(i.HardFault_Handler)
    MemManage_Handler                        0x08002dd9   Thumb Code     2  stm32f10x_it.o(i.MemManage_Handler)
    Motor_Init                               0x08003361   Thumb Code    24  motor.o(i.Motor_Init)
    Motor_SetSpeed                           0x080033f9   Thumb Code    16  motor.o(i.Motor_SetSpeed)
    NMI_Handler                              0x08003409   Thumb Code     2  stm32f10x_it.o(i.NMI_Handler)
    NVIC_Init                                0x0800340d   Thumb Code    96  misc.o(i.NVIC_Init)
    NVIC_PriorityGroupConfig                 0x08003471   Thumb Code    10  misc.o(i.NVIC_PriorityGroupConfig)
    OLED_Clear                               0x08003485   Thumb Code    34  oled.o(i.OLED_Clear)
    OLED_ClearArea                           0x080034ad   Thumb Code    88  oled.o(i.OLED_ClearArea)
    OLED_GPIO_Init                           0x08003509   Thumb Code    88  oled.o(i.OLED_GPIO_Init)
    OLED_I2C_SendByte                        0x08003565   Thumb Code    58  oled.o(i.OLED_I2C_SendByte)
    OLED_I2C_Start                           0x0800359f   Thumb Code    30  oled.o(i.OLED_I2C_Start)
    OLED_I2C_Stop                            0x080035bd   Thumb Code    24  oled.o(i.OLED_I2C_Stop)
    OLED_Init                                0x080035d5   Thumb Code   156  oled.o(i.OLED_Init)
    OLED_SetCursor                           0x08003671   Thumb Code    34  oled.o(i.OLED_SetCursor)
    OLED_ShowChar                            0x08003695   Thumb Code    78  oled.o(i.OLED_ShowChar)
    OLED_ShowImage                           0x080036f1   Thumb Code   176  oled.o(i.OLED_ShowImage)
    OLED_ShowString                          0x080037a5   Thumb Code    44  oled.o(i.OLED_ShowString)
    OLED_Update                              0x080037d1   Thumb Code    34  oled.o(i.OLED_Update)
    OLED_W_SCL                               0x080037f9   Thumb Code    12  oled.o(i.OLED_W_SCL)
    OLED_W_SDA                               0x08003809   Thumb Code    12  oled.o(i.OLED_W_SDA)
    OLED_WriteCommand                        0x08003819   Thumb Code    34  oled.o(i.OLED_WriteCommand)
    OLED_WriteData                           0x0800383b   Thumb Code    48  oled.o(i.OLED_WriteData)
    PendSV_Handler                           0x0800386b   Thumb Code     4  stm32f10x_it.o(i.PendSV_Handler)
    RCC_APB1PeriphClockCmd                   0x08003871   Thumb Code    22  stm32f10x_rcc.o(i.RCC_APB1PeriphClockCmd)
    RCC_APB2PeriphClockCmd                   0x0800388d   Thumb Code    22  stm32f10x_rcc.o(i.RCC_APB2PeriphClockCmd)
    RCC_GetClocksFreq                        0x080038a9   Thumb Code   154  stm32f10x_rcc.o(i.RCC_GetClocksFreq)
    SVC_Handler                              0x08003955   Thumb Code     4  stm32f10x_it.o(i.SVC_Handler)
    SysTick_Handler                          0x08003a49   Thumb Code    20  stm32f10x_it.o(i.SysTick_Handler)
    SystemInit                               0x08003a5d   Thumb Code    64  system_stm32f10x.o(i.SystemInit)
    TIM_Cmd                                  0x08003aad   Thumb Code    24  stm32f10x_tim.o(i.TIM_Cmd)
    TIM_OC2Init                              0x08003ac5   Thumb Code   128  stm32f10x_tim.o(i.TIM_OC2Init)
    TIM_SetCompare2                          0x08003b4d   Thumb Code     4  stm32f10x_tim.o(i.TIM_SetCompare2)
    TIM_TimeBaseInit                         0x08003b51   Thumb Code   114  stm32f10x_tim.o(i.TIM_TimeBaseInit)
    USART1_IRQHandler                        0x08003bed   Thumb Code    62  debug_serial.o(i.USART1_IRQHandler)
    USART2_IRQHandler                        0x08003c39   Thumb Code   102  esp8266.o(i.USART2_IRQHandler)
    USART_ClearITPendingBit                  0x08003cb1   Thumb Code    16  stm32f10x_usart.o(i.USART_ClearITPendingBit)
    USART_Cmd                                0x08003cc1   Thumb Code    24  stm32f10x_usart.o(i.USART_Cmd)
    USART_GetFlagStatus                      0x08003cd9   Thumb Code    14  stm32f10x_usart.o(i.USART_GetFlagStatus)
    USART_GetITStatus                        0x08003ce7   Thumb Code    64  stm32f10x_usart.o(i.USART_GetITStatus)
    USART_ITConfig                           0x08003d27   Thumb Code    54  stm32f10x_usart.o(i.USART_ITConfig)
    USART_Init                               0x08003d5d   Thumb Code   182  stm32f10x_usart.o(i.USART_Init)
    USART_ReceiveData                        0x08003e19   Thumb Code     8  stm32f10x_usart.o(i.USART_ReceiveData)
    USART_SendData                           0x08003e21   Thumb Code     8  stm32f10x_usart.o(i.USART_SendData)
    UsageFault_Handler                       0x08003e29   Thumb Code     2  stm32f10x_it.o(i.UsageFault_Handler)
    __ARM_fpclassify                         0x08004181   Thumb Code    40  fpclassify.o(i.__ARM_fpclassify)
    _is_digit                                0x080041a9   Thumb Code    14  __printf_wp.o(i._is_digit)
    main                                     0x080041b7   Thumb Code    26  main.o(i.main)
    pvPortMalloc                             0x08004b69   Thumb Code   310  heap_4.o(i.pvPortMalloc)
    pvTaskIncrementMutexHeldCount            0x08004cc5   Thumb Code    16  tasks.o(i.pvTaskIncrementMutexHeldCount)
    pxPortInitialiseStack                    0x08004cd9   Thumb Code    24  port.o(i.pxPortInitialiseStack)
    ulTaskGenericNotifyTake                  0x08004cf5   Thumb Code   170  tasks.o(i.ulTaskGenericNotifyTake)
    uxListRemove                             0x08004dc1   Thumb Code    36  list.o(i.uxListRemove)
    uxTaskGetNumberOfTasks                   0x08004de5   Thumb Code     6  tasks.o(i.uxTaskGetNumberOfTasks)
    vApplicationStackOverflowHook            0x08004df1   Thumb Code    16  freertos_hooks.o(i.vApplicationStackOverflowHook)
    vAssertCalled                            0x08004e01   Thumb Code    16  freertos_hooks.o(i.vAssertCalled)
    vListInitialise                          0x08004e11   Thumb Code    22  list.o(i.vListInitialise)
    vListInitialiseItem                      0x08004e27   Thumb Code     6  list.o(i.vListInitialiseItem)
    vListInsert                              0x08004e2d   Thumb Code    48  list.o(i.vListInsert)
    vListInsertEnd                           0x08004e5d   Thumb Code    24  list.o(i.vListInsertEnd)
    vPortEnterCritical                       0x08004e75   Thumb Code    48  port.o(i.vPortEnterCritical)
    vPortExitCritical                        0x08004ec5   Thumb Code    36  port.o(i.vPortExitCritical)
    vPortFree                                0x08004f05   Thumb Code   116  heap_4.o(i.vPortFree)
    vPortSetupTimerInterrupt                 0x08004f9d   Thumb Code    20  port.o(i.vPortSetupTimerInterrupt)
    vPortValidateInterruptPriority           0x08004fb5   Thumb Code    66  port.o(i.vPortValidateInterruptPriority)
    vQueueWaitForMessageRestricted           0x08005019   Thumb Code    70  queue.o(i.vQueueWaitForMessageRestricted)
    vTaskDelay                               0x08005061   Thumb Code    66  tasks.o(i.vTaskDelay)
    vTaskDisplay                             0x080050c5   Thumb Code   104  display_task.o(i.vTaskDisplay)
    vTaskEncoder                             0x08005135   Thumb Code   270  encoder_task.o(i.vTaskEncoder)
    vTaskGenericNotifyGiveFromISR            0x08005251   Thumb Code   280  tasks.o(i.vTaskGenericNotifyGiveFromISR)
    vTaskInternalSetTimeOutState             0x08005389   Thumb Code    12  tasks.o(i.vTaskInternalSetTimeOutState)
    vTaskMenu                                0x08005399   Thumb Code    64  menu_task.o(i.vTaskMenu)
    vTaskMissedYield                         0x080053e1   Thumb Code     8  tasks.o(i.vTaskMissedYield)
    vTaskMotor                               0x080053ed   Thumb Code   102  motor_task.o(i.vTaskMotor)
    vTaskPlaceOnEventList                    0x0800545d   Thumb Code    44  tasks.o(i.vTaskPlaceOnEventList)
    vTaskPlaceOnEventListRestricted          0x080054a5   Thumb Code    78  tasks.o(i.vTaskPlaceOnEventListRestricted)
    vTaskPriorityDisinheritAfterTimeout      0x08005511   Thumb Code   182  tasks.o(i.vTaskPriorityDisinheritAfterTimeout)
    vTaskSensor                              0x080055e9   Thumb Code    88  sensor_task.o(i.vTaskSensor)
    vTaskStartScheduler                      0x0800564d   Thumb Code    74  tasks.o(i.vTaskStartScheduler)
    vTaskSuspend                             0x080056b5   Thumb Code   190  tasks.o(i.vTaskSuspend)
    vTaskSuspendAll                          0x08005799   Thumb Code    10  tasks.o(i.vTaskSuspendAll)
    vTaskSwitchContext                       0x080057a9   Thumb Code   142  tasks.o(i.vTaskSwitchContext)
    vTaskWiFi                                0x08005859   Thumb Code  1762  wifi_task.o(i.vTaskWiFi)
    xPortStartScheduler                      0x08005f95   Thumb Code   156  port.o(i.xPortStartScheduler)
    xPortSysTickHandler                      0x08006055   Thumb Code    38  port.o(i.xPortSysTickHandler)
    xQueueCreateMutex                        0x08006081   Thumb Code    24  queue.o(i.xQueueCreateMutex)
    xQueueGenericCreate                      0x08006099   Thumb Code    76  queue.o(i.xQueueGenericCreate)
    xQueueGenericReset                       0x080060fd   Thumb Code   170  queue.o(i.xQueueGenericReset)
    xQueueGenericSend                        0x080061c5   Thumb Code   364  queue.o(i.xQueueGenericSend)
    xQueueReceive                            0x0800634d   Thumb Code   290  queue.o(i.xQueueReceive)
    xQueueSemaphoreTake                      0x0800648d   Thumb Code   334  queue.o(i.xQueueSemaphoreTake)
    xTaskCheckForTimeOut                     0x080065f9   Thumb Code   110  tasks.o(i.xTaskCheckForTimeOut)
    xTaskCreate                              0x08006685   Thumb Code    30  tasks.o(i.xTaskCreate)
    xTaskDelayUntil                          0x080066a5   Thumb Code   130  tasks.o(i.xTaskDelayUntil)
    xTaskGenericNotifyFromISR                0x08006749   Thumb Code   364  tasks.o(i.xTaskGenericNotifyFromISR)
    xTaskGenericNotifyWait                   0x080068d5   Thumb Code   206  tasks.o(i.xTaskGenericNotifyWait)
    xTaskGetCurrentTaskHandle                0x080069c5   Thumb Code     6  tasks.o(i.xTaskGetCurrentTaskHandle)
    xTaskGetSchedulerState                   0x080069d1   Thumb Code    24  tasks.o(i.xTaskGetSchedulerState)
    xTaskGetTickCount                        0x080069ed   Thumb Code     6  tasks.o(i.xTaskGetTickCount)
    xTaskIncrementTick                       0x080069f9   Thumb Code   294  tasks.o(i.xTaskIncrementTick)
    xTaskPriorityDisinherit                  0x08006b41   Thumb Code   162  tasks.o(i.xTaskPriorityDisinherit)
    xTaskPriorityInherit                     0x08006c05   Thumb Code   172  tasks.o(i.xTaskPriorityInherit)
    xTaskRemoveFromEventList                 0x08006cb9   Thumb Code   210  tasks.o(i.xTaskRemoveFromEventList)
    xTaskResumeAll                           0x08006dad   Thumb Code   292  tasks.o(i.xTaskResumeAll)
    xTimerCreateTimerTask                    0x08006ef5   Thumb Code    56  timers.o(i.xTimerCreateTimerTask)
    _get_lc_numeric                          0x08006f55   Thumb Code    44  lc_numeric_c.o(locale$$code)
    _get_lc_ctype                            0x08006f81   Thumb Code    44  lc_ctype_c.o(locale$$code)
    _printf_fp_dec                           0x08006fad   Thumb Code     4  printf1.o(x$fpl$printf1)
    _printf_fp_hex                           0x08006fb1   Thumb Code     4  printf2.o(x$fpl$printf2)
    OLED_F8x16                               0x08006fb4   Data        1520  oled_data.o(.constdata)
    __I$use$fp                               0x08006fb4   Number         0  usenofp.o(x$fpl$usenofp)
    OLED_F6x8                                0x080075a4   Data         570  oled_data.o(.constdata)
    OLED_F12x24                              0x080077de   Data        3420  oled_data.o(.constdata)
    Region$$Table$$Base                      0x08008844   Number         0  anon$$obj.o(Region$$Table)
    Region$$Table$$Limit                     0x08008864   Number         0  anon$$obj.o(Region$$Table)
    __ctype                                  0x0800888d   Data           0  lc_ctype_c.o(locale$$data)
    SystemCoreClock                          0x20000014   Data           4  system_stm32f10x.o(.data)
    AHBPrescTable                            0x20000018   Data          16  system_stm32f10x.o(.data)
    xEncoderQueue                            0x20000028   Data           4  main.o(.data)
    xSensorQueue                             0x2000002c   Data           4  main.o(.data)
    xOledMutex                               0x20000030   Data           4  main.o(.data)
    xSystemMutex                             0x20000034   Data           4  main.o(.data)
    xEncoderTaskHandle                       0x20000038   Data           4  main.o(.data)
    xWiFiTaskHandle                          0x2000003c   Data           4  main.o(.data)
    xMotorTaskHandle                         0x20000040   Data           4  main.o(.data)
    xMenuTaskHandle                          0x20000044   Data           4  main.o(.data)
    xSensorTaskHandle                        0x20000048   Data           4  main.o(.data)
    xDisplayTaskHandle                       0x2000004c   Data           4  main.o(.data)
    DEBUG_RX_LEN                             0x20000058   Data           2  debug_serial.o(.data)
    g_MenuState                              0x2000005c   Data           8  menu_task.o(.data)
    pxCurrentTCB                             0x2000006c   Data           4  tasks.o(.data)
    g_SystemState                            0x200000e4   Data          12  main.o(.bss)
    OLED_DisplayBuf                          0x200000f0   Data        1024  oled.o(.bss)
    DEBUG_RX_BUF                             0x200008f0   Data        1024  debug_serial.o(.bss)
    g_DisplayInfo                            0x20000cf0   Data          84  menu_task.o(.bss)
    __libspace_start                         0x20004a5c   Data          96  libspace.o(.bss)
    __temporary_stack_top$libspace           0x20004abc   Data           0  libspace.o(.bss)



==============================================================================

Memory Map of the image

  Image Entry point : 0x080002cd

  Load Region LR_1 (Base: 0x08000000, Size: 0x00008a74, Max: 0xffffffff, ABSOLUTE)

    Execution Region ER_RO (Exec base: 0x08000000, Load base: 0x08000000, Size: 0x00008990, Max: 0xffffffff, ABSOLUTE)

    Exec Addr    Load Addr    Size         Type   Attr      Idx    E Section Name        Object

    0x08000000   0x08000000   0x000000ec   Data   RO         3138    RESET               startup_stm32f10x_md.o
    0x080000ec   0x080000ec   0x00000008   Code   RO         5645  * !!!main             c_w.l(__main.o)
    0x080000f4   0x080000f4   0x00000034   Code   RO         6063    !!!scatter          c_w.l(__scatter.o)
    0x08000128   0x08000128   0x0000001a   Code   RO         6065    !!handler_copy      c_w.l(__scatter_copy.o)
    0x08000142   0x08000142   0x00000002   PAD
    0x08000144   0x08000144   0x0000001c   Code   RO         6067    !!handler_zi        c_w.l(__scatter_zi.o)
    0x08000160   0x08000160   0x00000000   Code   RO         5620    .ARM.Collect$$_printf_percent$$00000000  c_w.l(_printf_percent.o)
    0x08000160   0x08000160   0x00000006   Code   RO         5754    .ARM.Collect$$_printf_percent$$00000001  c_w.l(_printf_n.o)
    0x08000166   0x08000166   0x00000006   Code   RO         5756    .ARM.Collect$$_printf_percent$$00000002  c_w.l(_printf_p.o)
    0x0800016c   0x0800016c   0x00000006   Code   RO         5759    .ARM.Collect$$_printf_percent$$00000003  c_w.l(_printf_f.o)
    0x08000172   0x08000172   0x00000006   Code   RO         5760    .ARM.Collect$$_printf_percent$$00000004  c_w.l(_printf_e.o)
    0x08000178   0x08000178   0x00000006   Code   RO         5761    .ARM.Collect$$_printf_percent$$00000005  c_w.l(_printf_g.o)
    0x0800017e   0x0800017e   0x00000006   Code   RO         5762    .ARM.Collect$$_printf_percent$$00000006  c_w.l(_printf_a.o)
    0x08000184   0x08000184   0x0000000a   Code   RO         5767    .ARM.Collect$$_printf_percent$$00000007  c_w.l(_printf_ll.o)
    0x0800018e   0x0800018e   0x00000006   Code   RO         5758    .ARM.Collect$$_printf_percent$$00000008  c_w.l(_printf_i.o)
    0x08000194   0x08000194   0x00000006   Code   RO         5618    .ARM.Collect$$_printf_percent$$00000009  c_w.l(_printf_d.o)
    0x0800019a   0x0800019a   0x00000006   Code   RO         5619    .ARM.Collect$$_printf_percent$$0000000A  c_w.l(_printf_u.o)
    0x080001a0   0x080001a0   0x00000006   Code   RO         5757    .ARM.Collect$$_printf_percent$$0000000B  c_w.l(_printf_o.o)
    0x080001a6   0x080001a6   0x00000006   Code   RO         5755    .ARM.Collect$$_printf_percent$$0000000C  c_w.l(_printf_x.o)
    0x080001ac   0x080001ac   0x00000006   Code   RO         5764    .ARM.Collect$$_printf_percent$$0000000D  c_w.l(_printf_lli.o)
    0x080001b2   0x080001b2   0x00000006   Code   RO         5765    .ARM.Collect$$_printf_percent$$0000000E  c_w.l(_printf_lld.o)
    0x080001b8   0x080001b8   0x00000006   Code   RO         5766    .ARM.Collect$$_printf_percent$$0000000F  c_w.l(_printf_llu.o)
    0x080001be   0x080001be   0x00000006   Code   RO         5771    .ARM.Collect$$_printf_percent$$00000010  c_w.l(_printf_llo.o)
    0x080001c4   0x080001c4   0x00000006   Code   RO         5772    .ARM.Collect$$_printf_percent$$00000011  c_w.l(_printf_llx.o)
    0x080001ca   0x080001ca   0x0000000a   Code   RO         5768    .ARM.Collect$$_printf_percent$$00000012  c_w.l(_printf_l.o)
    0x080001d4   0x080001d4   0x00000006   Code   RO         5616    .ARM.Collect$$_printf_percent$$00000013  c_w.l(_printf_c.o)
    0x080001da   0x080001da   0x00000006   Code   RO         5617    .ARM.Collect$$_printf_percent$$00000014  c_w.l(_printf_s.o)
    0x080001e0   0x080001e0   0x00000006   Code   RO         5769    .ARM.Collect$$_printf_percent$$00000015  c_w.l(_printf_lc.o)
    0x080001e6   0x080001e6   0x00000006   Code   RO         5770    .ARM.Collect$$_printf_percent$$00000016  c_w.l(_printf_ls.o)
    0x080001ec   0x080001ec   0x00000004   Code   RO         5763    .ARM.Collect$$_printf_percent$$00000017  c_w.l(_printf_percent_end.o)
    0x080001f0   0x080001f0   0x00000002   Code   RO         5925    .ARM.Collect$$libinit$$00000000  c_w.l(libinit.o)
    0x080001f2   0x080001f2   0x00000000   Code   RO         5942    .ARM.Collect$$libinit$$00000002  c_w.l(libinit2.o)
    0x080001f2   0x080001f2   0x00000000   Code   RO         5944    .ARM.Collect$$libinit$$00000004  c_w.l(libinit2.o)
    0x080001f2   0x080001f2   0x00000000   Code   RO         5947    .ARM.Collect$$libinit$$0000000A  c_w.l(libinit2.o)
    0x080001f2   0x080001f2   0x00000000   Code   RO         5949    .ARM.Collect$$libinit$$0000000C  c_w.l(libinit2.o)
    0x080001f2   0x080001f2   0x00000000   Code   RO         5951    .ARM.Collect$$libinit$$0000000E  c_w.l(libinit2.o)
    0x080001f2   0x080001f2   0x00000006   Code   RO         5952    .ARM.Collect$$libinit$$0000000F  c_w.l(libinit2.o)
    0x080001f8   0x080001f8   0x00000000   Code   RO         5954    .ARM.Collect$$libinit$$00000011  c_w.l(libinit2.o)
    0x080001f8   0x080001f8   0x0000000c   Code   RO         5955    .ARM.Collect$$libinit$$00000012  c_w.l(libinit2.o)
    0x08000204   0x08000204   0x00000000   Code   RO         5956    .ARM.Collect$$libinit$$00000013  c_w.l(libinit2.o)
    0x08000204   0x08000204   0x00000000   Code   RO         5958    .ARM.Collect$$libinit$$00000015  c_w.l(libinit2.o)
    0x08000204   0x08000204   0x0000000a   Code   RO         5959    .ARM.Collect$$libinit$$00000016  c_w.l(libinit2.o)
    0x0800020e   0x0800020e   0x00000000   Code   RO         5960    .ARM.Collect$$libinit$$00000017  c_w.l(libinit2.o)
    0x0800020e   0x0800020e   0x00000000   Code   RO         5962    .ARM.Collect$$libinit$$00000019  c_w.l(libinit2.o)
    0x0800020e   0x0800020e   0x00000000   Code   RO         5964    .ARM.Collect$$libinit$$0000001B  c_w.l(libinit2.o)
    0x0800020e   0x0800020e   0x00000000   Code   RO         5966    .ARM.Collect$$libinit$$0000001D  c_w.l(libinit2.o)
    0x0800020e   0x0800020e   0x00000000   Code   RO         5968    .ARM.Collect$$libinit$$0000001F  c_w.l(libinit2.o)
    0x0800020e   0x0800020e   0x00000000   Code   RO         5970    .ARM.Collect$$libinit$$00000021  c_w.l(libinit2.o)
    0x0800020e   0x0800020e   0x00000000   Code   RO         5972    .ARM.Collect$$libinit$$00000023  c_w.l(libinit2.o)
    0x0800020e   0x0800020e   0x00000000   Code   RO         5974    .ARM.Collect$$libinit$$00000025  c_w.l(libinit2.o)
    0x0800020e   0x0800020e   0x00000000   Code   RO         5978    .ARM.Collect$$libinit$$0000002C  c_w.l(libinit2.o)
    0x0800020e   0x0800020e   0x00000000   Code   RO         5980    .ARM.Collect$$libinit$$0000002E  c_w.l(libinit2.o)
    0x0800020e   0x0800020e   0x00000000   Code   RO         5982    .ARM.Collect$$libinit$$00000030  c_w.l(libinit2.o)
    0x0800020e   0x0800020e   0x00000000   Code   RO         5984    .ARM.Collect$$libinit$$00000032  c_w.l(libinit2.o)
    0x0800020e   0x0800020e   0x00000002   Code   RO         5985    .ARM.Collect$$libinit$$00000033  c_w.l(libinit2.o)
    0x08000210   0x08000210   0x00000002   Code   RO         6020    .ARM.Collect$$libshutdown$$00000000  c_w.l(libshutdown.o)
    0x08000212   0x08000212   0x00000000   Code   RO         6046    .ARM.Collect$$libshutdown$$00000002  c_w.l(libshutdown2.o)
    0x08000212   0x08000212   0x00000000   Code   RO         6048    .ARM.Collect$$libshutdown$$00000004  c_w.l(libshutdown2.o)
    0x08000212   0x08000212   0x00000000   Code   RO         6051    .ARM.Collect$$libshutdown$$00000007  c_w.l(libshutdown2.o)
    0x08000212   0x08000212   0x00000000   Code   RO         6054    .ARM.Collect$$libshutdown$$0000000A  c_w.l(libshutdown2.o)
    0x08000212   0x08000212   0x00000000   Code   RO         6056    .ARM.Collect$$libshutdown$$0000000C  c_w.l(libshutdown2.o)
    0x08000212   0x08000212   0x00000000   Code   RO         6059    .ARM.Collect$$libshutdown$$0000000F  c_w.l(libshutdown2.o)
    0x08000212   0x08000212   0x00000002   Code   RO         6060    .ARM.Collect$$libshutdown$$00000010  c_w.l(libshutdown2.o)
    0x08000214   0x08000214   0x00000000   Code   RO         5701    .ARM.Collect$$rtentry$$00000000  c_w.l(__rtentry.o)
    0x08000214   0x08000214   0x00000000   Code   RO         5828    .ARM.Collect$$rtentry$$00000002  c_w.l(__rtentry2.o)
    0x08000214   0x08000214   0x00000006   Code   RO         5840    .ARM.Collect$$rtentry$$00000004  c_w.l(__rtentry4.o)
    0x0800021a   0x0800021a   0x00000000   Code   RO         5830    .ARM.Collect$$rtentry$$00000009  c_w.l(__rtentry2.o)
    0x0800021a   0x0800021a   0x00000004   Code   RO         5831    .ARM.Collect$$rtentry$$0000000A  c_w.l(__rtentry2.o)
    0x0800021e   0x0800021e   0x00000000   Code   RO         5833    .ARM.Collect$$rtentry$$0000000C  c_w.l(__rtentry2.o)
    0x0800021e   0x0800021e   0x00000008   Code   RO         5834    .ARM.Collect$$rtentry$$0000000D  c_w.l(__rtentry2.o)
    0x08000226   0x08000226   0x00000002   Code   RO         5930    .ARM.Collect$$rtexit$$00000000  c_w.l(rtexit.o)
    0x08000228   0x08000228   0x00000000   Code   RO         5991    .ARM.Collect$$rtexit$$00000002  c_w.l(rtexit2.o)
    0x08000228   0x08000228   0x00000004   Code   RO         5992    .ARM.Collect$$rtexit$$00000003  c_w.l(rtexit2.o)
    0x0800022c   0x0800022c   0x00000006   Code   RO         5993    .ARM.Collect$$rtexit$$00000004  c_w.l(rtexit2.o)
    0x08000232   0x08000232   0x00000002   PAD
    0x08000234   0x08000234   0x00000096   Code   RO         5426    .emb_text           port.o
    0x080002ca   0x080002ca   0x00000002   PAD
    0x080002cc   0x080002cc   0x00000040   Code   RO         3139  * .text               startup_stm32f10x_md.o
    0x0800030c   0x0800030c   0x000000ee   Code   RO         5578    .text               c_w.l(lludivv7m.o)
    0x080003fa   0x080003fa   0x00000002   PAD
    0x080003fc   0x080003fc   0x00000034   Code   RO         5582    .text               c_w.l(vsnprintf.o)
    0x08000430   0x08000430   0x00000038   Code   RO         5584    .text               c_w.l(__2snprintf.o)
    0x08000468   0x08000468   0x0000004e   Code   RO         5590    .text               c_w.l(_printf_pad.o)
    0x080004b6   0x080004b6   0x00000052   Code   RO         5592    .text               c_w.l(_printf_str.o)
    0x08000508   0x08000508   0x00000078   Code   RO         5594    .text               c_w.l(_printf_dec.o)
    0x08000580   0x08000580   0x00000188   Code   RO         5613    .text               c_w.l(__printf_flags_ss_wp.o)
    0x08000708   0x08000708   0x0000003c   Code   RO         5621    .text               c_w.l(__0sscanf.o)
    0x08000744   0x08000744   0x0000014c   Code   RO         5623    .text               c_w.l(_scanf_int.o)
    0x08000890   0x08000890   0x00000014   Code   RO         5625    .text               c_w.l(strchr.o)
    0x080008a4   0x080008a4   0x00000024   Code   RO         5627    .text               c_w.l(strstr.o)
    0x080008c8   0x080008c8   0x0000008a   Code   RO         5629    .text               c_w.l(rt_memcpy_v6.o)
    0x08000952   0x08000952   0x00000010   Code   RO         5633    .text               c_w.l(aeabi_memset.o)
    0x08000962   0x08000962   0x00000044   Code   RO         5635    .text               c_w.l(rt_memclr.o)
    0x080009a6   0x080009a6   0x0000004e   Code   RO         5637    .text               c_w.l(rt_memclr_w.o)
    0x080009f4   0x080009f4   0x00000056   Code   RO         5639    .text               c_w.l(strncpy.o)
    0x08000a4a   0x08000a4a   0x00000002   PAD
    0x08000a4c   0x08000a4c   0x00000080   Code   RO         5641    .text               c_w.l(strcmpv7m.o)
    0x08000acc   0x08000acc   0x00000006   Code   RO         5643    .text               c_w.l(heapauxi.o)
    0x08000ad2   0x08000ad2   0x00000024   Code   RO         5708    .text               c_w.l(_printf_truncate.o)
    0x08000af6   0x08000af6   0x000000b2   Code   RO         5710    .text               c_w.l(_printf_intcommon.o)
    0x08000ba8   0x08000ba8   0x00000028   Code   RO         5712    .text               c_w.l(_printf_charcount.o)
    0x08000bd0   0x08000bd0   0x00000030   Code   RO         5714    .text               c_w.l(_printf_char_common.o)
    0x08000c00   0x08000c00   0x0000000a   Code   RO         5716    .text               c_w.l(_sputc.o)
    0x08000c0a   0x08000c0a   0x00000010   Code   RO         5718    .text               c_w.l(_snputc.o)
    0x08000c1a   0x08000c1a   0x0000002c   Code   RO         5720    .text               c_w.l(_printf_char.o)
    0x08000c46   0x08000c46   0x00000002   PAD
    0x08000c48   0x08000c48   0x000000bc   Code   RO         5722    .text               c_w.l(_printf_wctomb.o)
    0x08000d04   0x08000d04   0x0000007c   Code   RO         5725    .text               c_w.l(_printf_longlong_dec.o)
    0x08000d80   0x08000d80   0x00000070   Code   RO         5731    .text               c_w.l(_printf_oct_int_ll.o)
    0x08000df0   0x08000df0   0x00000094   Code   RO         5751    .text               c_w.l(_printf_hex_int_ll_ptr.o)
    0x08000e84   0x08000e84   0x0000001c   Code   RO         5773    .text               c_w.l(_chval.o)
    0x08000ea0   0x08000ea0   0x0000002c   Code   RO         5775    .text               c_w.l(scanf_char.o)
    0x08000ecc   0x08000ecc   0x00000040   Code   RO         5777    .text               c_w.l(_sgetc.o)
    0x08000f0c   0x08000f0c   0x00000064   Code   RO         5779    .text               c_w.l(rt_memcpy_w.o)
    0x08000f70   0x08000f70   0x0000008a   Code   RO         5849    .text               c_w.l(lludiv10.o)
    0x08000ffa   0x08000ffa   0x00000012   Code   RO         5851    .text               c_w.l(isspace.o)
    0x0800100c   0x0800100c   0x0000041e   Code   RO         5853    .text               c_w.l(_printf_fp_dec.o)
    0x0800142a   0x0800142a   0x00000002   PAD
    0x0800142c   0x0800142c   0x000002fc   Code   RO         5855    .text               c_w.l(_printf_fp_hex.o)
    0x08001728   0x08001728   0x0000002c   Code   RO         5860    .text               c_w.l(_printf_wchar.o)
    0x08001754   0x08001754   0x00000374   Code   RO         5862    .text               c_w.l(_scanf.o)
    0x08001ac8   0x08001ac8   0x00000040   Code   RO         5864    .text               c_w.l(_wcrtomb.o)
    0x08001b08   0x08001b08   0x00000008   Code   RO         5872    .text               c_w.l(libspace.o)
    0x08001b10   0x08001b10   0x0000004a   Code   RO         5875    .text               c_w.l(sys_stackheap_outer.o)
    0x08001b5a   0x08001b5a   0x00000002   PAD
    0x08001b5c   0x08001b5c   0x00000010   Code   RO         5877    .text               c_w.l(rt_ctype_table.o)
    0x08001b6c   0x08001b6c   0x00000008   Code   RO         5882    .text               c_w.l(rt_locale_intlibspace.o)
    0x08001b74   0x08001b74   0x00000080   Code   RO         5884    .text               c_w.l(_printf_fp_infnan.o)
    0x08001bf4   0x08001bf4   0x000000e4   Code   RO         5886    .text               c_w.l(bigflt0.o)
    0x08001cd8   0x08001cd8   0x00000012   Code   RO         5914    .text               c_w.l(exit.o)
    0x08001cea   0x08001cea   0x00000002   PAD
    0x08001cec   0x08001cec   0x0000000c   Code   RO         5988    .text               c_w.l(sys_exit.o)
    0x08001cf8   0x08001cf8   0x00000002   Code   RO         6009    .text               c_w.l(use_no_semi.o)
    0x08001cfa   0x08001cfa   0x00000000   Code   RO         6011    .text               c_w.l(indicate_semi.o)
    0x08001cfa   0x08001cfa   0x0000003e   Code   RO         5889    CL$$btod_d2e        c_w.l(btod.o)
    0x08001d38   0x08001d38   0x00000046   Code   RO         5891    CL$$btod_d2e_denorm_low  c_w.l(btod.o)
    0x08001d7e   0x08001d7e   0x00000060   Code   RO         5890    CL$$btod_d2e_norm_op1  c_w.l(btod.o)
    0x08001dde   0x08001dde   0x00000338   Code   RO         5899    CL$$btod_div_common  c_w.l(btod.o)
    0x08002116   0x08002116   0x000000dc   Code   RO         5896    CL$$btod_e2e        c_w.l(btod.o)
    0x080021f2   0x080021f2   0x0000002a   Code   RO         5893    CL$$btod_ediv       c_w.l(btod.o)
    0x0800221c   0x0800221c   0x0000002a   Code   RO         5892    CL$$btod_emul       c_w.l(btod.o)
    0x08002246   0x08002246   0x00000244   Code   RO         5898    CL$$btod_mult_common  c_w.l(btod.o)
    0x0800248a   0x0800248a   0x00000002   Code   RO         3300    i.BusFault_Handler  stm32f10x_it.o
    0x0800248c   0x0800248c   0x00000130   Code   RO         3196    i.CreateAllTasks    main.o
    0x080025bc   0x080025bc   0x00000074   Code   RO         3197    i.CreateKernelObjects  main.o
    0x08002630   0x08002630   0x00000038   Code   RO         3914    i.DHT11_Init        dht11.o
    0x08002668   0x08002668   0x00000054   Code   RO         3915    i.DHT11_ReadByte    dht11.o
    0x080026bc   0x080026bc   0x000000e4   Code   RO         3916    i.DHT11_ReadData    dht11.o
    0x080027a0   0x080027a0   0x00000002   Code   RO         3301    i.DebugMon_Handler  stm32f10x_it.o
    0x080027a2   0x080027a2   0x00000002   PAD
    0x080027a4   0x080027a4   0x000000a8   Code   RO         4080    i.DebugSerial_Init  debug_serial.o
    0x0800284c   0x0800284c   0x00000020   Code   RO         4081    i.DebugSerial_Printf  debug_serial.o
    0x0800286c   0x0800286c   0x00000018   Code   RO         4082    i.DebugSerial_RX_Reset  debug_serial.o
    0x08002884   0x08002884   0x00000020   Code   RO         4083    i.DebugSerial_SendByte  debug_serial.o
    0x080028a4   0x080028a4   0x00000014   Code   RO         4085    i.DebugSerial_SendString  debug_serial.o
    0x080028b8   0x080028b8   0x00000024   Code   RO         3887    i.Delay_Init        delay.o
    0x080028dc   0x080028dc   0x00000028   Code   RO         3889    i.Delay_us          delay.o
    0x08002904   0x08002904   0x00000090   Code   RO         3940    i.EC11_Init         ec11.o
    0x08002994   0x08002994   0x00000044   Code   RO         3962    i.ESP8266_CheckResponse  esp8266.o
    0x080029d8   0x080029d8   0x00000008   Code   RO         3963    i.ESP8266_GetRxBuf  esp8266.o
    0x080029e0   0x080029e0   0x0000000c   Code   RO         3964    i.ESP8266_GetRxLen  esp8266.o
    0x080029ec   0x080029ec   0x00000018   Code   RO         3965    i.ESP8266_RX_Reset  esp8266.o
    0x08002a04   0x08002a04   0x00000014   Code   RO         3966    i.ESP8266_SendCmd   esp8266.o
    0x08002a18   0x08002a18   0x00000028   Code   RO         3967    i.ESP8266_SendString  esp8266.o
    0x08002a40   0x08002a40   0x0000000c   Code   RO         3968    i.ESP8266_SetNotifyTask  esp8266.o
    0x08002a4c   0x08002a4c   0x000000a8   Code   RO         3969    i.ESP8266_USART_Init  esp8266.o
    0x08002af4   0x08002af4   0x00000070   Code   RO         3941    i.EXTI9_5_IRQHandler  ec11.o
    0x08002b64   0x08002b64   0x0000000c   Code   RO          914    i.EXTI_ClearITPendingBit  stm32f10x_exti.o
    0x08002b70   0x08002b70   0x00000020   Code   RO          918    i.EXTI_GetITStatus  stm32f10x_exti.o
    0x08002b90   0x08002b90   0x00000074   Code   RO          919    i.EXTI_Init         stm32f10x_exti.o
    0x08002c04   0x08002c04   0x00000028   Code   RO         1273    i.GPIO_EXTILineConfig  stm32f10x_gpio.o
    0x08002c2c   0x08002c2c   0x000000a6   Code   RO         1276    i.GPIO_Init         stm32f10x_gpio.o
    0x08002cd2   0x08002cd2   0x0000000e   Code   RO         1280    i.GPIO_ReadInputDataBit  stm32f10x_gpio.o
    0x08002ce0   0x08002ce0   0x00000004   Code   RO         1283    i.GPIO_ResetBits    stm32f10x_gpio.o
    0x08002ce4   0x08002ce4   0x00000004   Code   RO         1284    i.GPIO_SetBits      stm32f10x_gpio.o
    0x08002ce8   0x08002ce8   0x0000000c   Code   RO         1287    i.GPIO_WriteBit     stm32f10x_gpio.o
    0x08002cf4   0x08002cf4   0x00000002   Code   RO         3302    i.HardFault_Handler  stm32f10x_it.o
    0x08002cf6   0x08002cf6   0x00000002   PAD
    0x08002cf8   0x08002cf8   0x000000e0   Code   RO         3198    i.Hardware_Init     main.o
    0x08002dd8   0x08002dd8   0x00000002   Code   RO         3303    i.MemManage_Handler  stm32f10x_it.o
    0x08002dda   0x08002dda   0x00000002   PAD
    0x08002ddc   0x08002ddc   0x0000002c   Code   RO         4194    i.Menu_CheckIdleTimeout  menu_task.o
    0x08002e08   0x08002e08   0x00000198   Code   RO         4195    i.Menu_ProcessEvent  menu_task.o
    0x08002fa0   0x08002fa0   0x00000010   Code   RO         4196    i.Menu_ResetIdleTimer  menu_task.o
    0x08002fb0   0x08002fb0   0x00000368   Code   RO         4197    i.Menu_UpdateDisplay  menu_task.o
    0x08003318   0x08003318   0x00000048   Code   RO         4032    i.Motor_GPIO_Init   motor.o
    0x08003360   0x08003360   0x0000001c   Code   RO         4033    i.Motor_Init        motor.o
    0x0800337c   0x0800337c   0x0000007c   Code   RO         4034    i.Motor_PWM_Init    motor.o
    0x080033f8   0x080033f8   0x00000010   Code   RO         4036    i.Motor_SetSpeed    motor.o
    0x08003408   0x08003408   0x00000002   Code   RO         3304    i.NMI_Handler       stm32f10x_it.o
    0x0800340a   0x0800340a   0x00000002   PAD
    0x0800340c   0x0800340c   0x00000064   Code   RO            1    i.NVIC_Init         misc.o
    0x08003470   0x08003470   0x00000014   Code   RO            2    i.NVIC_PriorityGroupConfig  misc.o
    0x08003484   0x08003484   0x00000028   Code   RO         3551    i.OLED_Clear        oled.o
    0x080034ac   0x080034ac   0x0000005c   Code   RO         3552    i.OLED_ClearArea    oled.o
    0x08003508   0x08003508   0x0000005c   Code   RO         3560    i.OLED_GPIO_Init    oled.o
    0x08003564   0x08003564   0x0000003a   Code   RO         3562    i.OLED_I2C_SendByte  oled.o
    0x0800359e   0x0800359e   0x0000001e   Code   RO         3563    i.OLED_I2C_Start    oled.o
    0x080035bc   0x080035bc   0x00000018   Code   RO         3564    i.OLED_I2C_Stop     oled.o
    0x080035d4   0x080035d4   0x0000009c   Code   RO         3565    i.OLED_Init         oled.o
    0x08003670   0x08003670   0x00000022   Code   RO         3571    i.OLED_SetCursor    oled.o
    0x08003692   0x08003692   0x00000002   PAD
    0x08003694   0x08003694   0x0000005c   Code   RO         3573    i.OLED_ShowChar     oled.o
    0x080036f0   0x080036f0   0x000000b4   Code   RO         3578    i.OLED_ShowImage    oled.o
    0x080037a4   0x080037a4   0x0000002c   Code   RO         3581    i.OLED_ShowString   oled.o
    0x080037d0   0x080037d0   0x00000028   Code   RO         3583    i.OLED_Update       oled.o
    0x080037f8   0x080037f8   0x00000010   Code   RO         3585    i.OLED_W_SCL        oled.o
    0x08003808   0x08003808   0x00000010   Code   RO         3586    i.OLED_W_SDA        oled.o
    0x08003818   0x08003818   0x00000022   Code   RO         3587    i.OLED_WriteCommand  oled.o
    0x0800383a   0x0800383a   0x00000030   Code   RO         3588    i.OLED_WriteData    oled.o
    0x0800386a   0x0800386a   0x00000004   Code   RO         3305    i.PendSV_Handler    stm32f10x_it.o
    0x0800386e   0x0800386e   0x00000002   PAD
    0x08003870   0x08003870   0x0000001c   Code   RO         1704    i.RCC_APB1PeriphClockCmd  stm32f10x_rcc.o
    0x0800388c   0x0800388c   0x0000001c   Code   RO         1706    i.RCC_APB2PeriphClockCmd  stm32f10x_rcc.o
    0x080038a8   0x080038a8   0x000000ac   Code   RO         1714    i.RCC_GetClocksFreq  stm32f10x_rcc.o
    0x08003954   0x08003954   0x00000004   Code   RO         3306    i.SVC_Handler       stm32f10x_it.o
    0x08003958   0x08003958   0x00000004   Code   RO         3143    i.SetSysClock       system_stm32f10x.o
    0x0800395c   0x0800395c   0x000000b0   Code   RO         3144    i.SetSysClockTo72   system_stm32f10x.o
    0x08003a0c   0x08003a0c   0x0000003c   Code   RO         4262    i.ShowOLEDMsg       wifi_task.o
    0x08003a48   0x08003a48   0x00000014   Code   RO         3307    i.SysTick_Handler   stm32f10x_it.o
    0x08003a5c   0x08003a5c   0x00000050   Code   RO         3146    i.SystemInit        system_stm32f10x.o
    0x08003aac   0x08003aac   0x00000018   Code   RO         2350    i.TIM_Cmd           stm32f10x_tim.o
    0x08003ac4   0x08003ac4   0x00000088   Code   RO         2384    i.TIM_OC2Init       stm32f10x_tim.o
    0x08003b4c   0x08003b4c   0x00000004   Code   RO         2412    i.TIM_SetCompare2   stm32f10x_tim.o
    0x08003b50   0x08003b50   0x0000009c   Code   RO         2421    i.TIM_TimeBaseInit  stm32f10x_tim.o
    0x08003bec   0x08003bec   0x0000004c   Code   RO         4087    i.USART1_IRQHandler  debug_serial.o
    0x08003c38   0x08003c38   0x00000078   Code   RO         3970    i.USART2_IRQHandler  esp8266.o
    0x08003cb0   0x08003cb0   0x00000010   Code   RO         2886    i.USART_ClearITPendingBit  stm32f10x_usart.o
    0x08003cc0   0x08003cc0   0x00000018   Code   RO         2889    i.USART_Cmd         stm32f10x_usart.o
    0x08003cd8   0x08003cd8   0x0000000e   Code   RO         2892    i.USART_GetFlagStatus  stm32f10x_usart.o
    0x08003ce6   0x08003ce6   0x00000040   Code   RO         2893    i.USART_GetITStatus  stm32f10x_usart.o
    0x08003d26   0x08003d26   0x00000036   Code   RO         2895    i.USART_ITConfig    stm32f10x_usart.o
    0x08003d5c   0x08003d5c   0x000000bc   Code   RO         2896    i.USART_Init        stm32f10x_usart.o
    0x08003e18   0x08003e18   0x00000008   Code   RO         2903    i.USART_ReceiveData  stm32f10x_usart.o
    0x08003e20   0x08003e20   0x00000008   Code   RO         2906    i.USART_SendData    stm32f10x_usart.o
    0x08003e28   0x08003e28   0x00000002   Code   RO         3308    i.UsageFault_Handler  stm32f10x_it.o
    0x08003e2a   0x08003e2a   0x00000002   PAD
    0x08003e2c   0x08003e2c   0x00000098   Code   RO         4263    i.WiFi_DumpRxBuf    wifi_task.o
    0x08003ec4   0x08003ec4   0x00000200   Code   RO         4264    i.WiFi_ProcessMQTT  wifi_task.o
    0x080040c4   0x080040c4   0x000000bc   Code   RO         4265    i.WiFi_ReportStatus  wifi_task.o
    0x08004180   0x08004180   0x00000028   Code   RO         5868    i.__ARM_fpclassify  m_ws.l(fpclassify.o)
    0x080041a8   0x080041a8   0x0000000e   Code   RO         5606    i._is_digit         c_w.l(__printf_wp.o)
    0x080041b6   0x080041b6   0x0000001a   Code   RO         3199    i.main              main.o
    0x080041d0   0x080041d0   0x00000094   Code   RO         4874    i.prvAddCurrentTaskToDelayedList  tasks.o
    0x08004264   0x08004264   0x000000ac   Code   RO         4875    i.prvAddNewTaskToReadyList  tasks.o
    0x08004310   0x08004310   0x00000040   Code   RO         5246    i.prvCheckForValidListAndQueue  timers.o
    0x08004350   0x08004350   0x00000002   Code   RO         4876    i.prvCheckTasksWaitingTermination  tasks.o
    0x08004352   0x08004352   0x00000028   Code   RO         4455    i.prvCopyDataFromQueue  queue.o
    0x0800437a   0x0800437a   0x0000006e   Code   RO         4456    i.prvCopyDataToQueue  queue.o
    0x080043e8   0x080043e8   0x00000058   Code   RO         4877    i.prvCreateIdleTasks  tasks.o
    0x08004440   0x08004440   0x0000005c   Code   RO         4878    i.prvCreateTask     tasks.o
    0x0800449c   0x0800449c   0x00000014   Code   RO         4457    i.prvGetHighestPriorityOfWaitToReceiveList  queue.o
    0x080044b0   0x080044b0   0x00000024   Code   RO         5247    i.prvGetNextExpireTime  timers.o
    0x080044d4   0x080044d4   0x00000048   Code   RO         5503    i.prvHeapInit       heap_4.o
    0x0800451c   0x0800451c   0x00000028   Code   RO         4879    i.prvIdleTask       tasks.o
    0x08004544   0x08004544   0x00000018   Code   RO         4458    i.prvInitialiseMutex  queue.o
    0x0800455c   0x0800455c   0x00000026   Code   RO         4459    i.prvInitialiseNewQueue  queue.o
    0x08004582   0x08004582   0x00000002   PAD
    0x08004584   0x08004584   0x000000cc   Code   RO         4880    i.prvInitialiseNewTask  tasks.o
    0x08004650   0x08004650   0x00000050   Code   RO         4881    i.prvInitialiseTaskLists  tasks.o
    0x080046a0   0x080046a0   0x00000090   Code   RO         5504    i.prvInsertBlockIntoFreeList  heap_4.o
    0x08004730   0x08004730   0x00000040   Code   RO         5249    i.prvInsertTimerInActiveList  timers.o
    0x08004770   0x08004770   0x0000001a   Code   RO         4460    i.prvIsQueueEmpty   queue.o
    0x0800478a   0x0800478a   0x0000001e   Code   RO         4461    i.prvIsQueueFull    queue.o
    0x080047a8   0x080047a8   0x00000090   Code   RO         4462    i.prvNotifyQueueSetContainer  queue.o
    0x08004838   0x08004838   0x00000040   Code   RO         5250    i.prvProcessExpiredTimer  timers.o
    0x08004878   0x08004878   0x00000118   Code   RO         5251    i.prvProcessReceivedCommands  timers.o
    0x08004990   0x08004990   0x0000006c   Code   RO         5252    i.prvProcessTimerOrBlockTask  timers.o
    0x080049fc   0x080049fc   0x00000028   Code   RO         5253    i.prvReloadTimer    timers.o
    0x08004a24   0x08004a24   0x00000020   Code   RO         4883    i.prvResetNextTaskUnblockTime  tasks.o
    0x08004a44   0x08004a44   0x0000002c   Code   RO         5254    i.prvSampleTimeNow  timers.o
    0x08004a70   0x08004a70   0x0000002c   Code   RO         5255    i.prvSwitchTimerLists  timers.o
    0x08004a9c   0x08004a9c   0x0000003c   Code   RO         5427    i.prvTaskExitError  port.o
    0x08004ad8   0x08004ad8   0x00000014   Code   RO         5256    i.prvTimerTask      timers.o
    0x08004aec   0x08004aec   0x0000007c   Code   RO         4463    i.prvUnlockQueue    queue.o
    0x08004b68   0x08004b68   0x0000015c   Code   RO         5506    i.pvPortMalloc      heap_4.o
    0x08004cc4   0x08004cc4   0x00000014   Code   RO         4886    i.pvTaskIncrementMutexHeldCount  tasks.o
    0x08004cd8   0x08004cd8   0x0000001c   Code   RO         5428    i.pxPortInitialiseStack  port.o
    0x08004cf4   0x08004cf4   0x000000cc   Code   RO         4887    i.ulTaskGenericNotifyTake  tasks.o
    0x08004dc0   0x08004dc0   0x00000024   Code   RO         4416    i.uxListRemove      list.o
    0x08004de4   0x08004de4   0x0000000c   Code   RO         4889    i.uxTaskGetNumberOfTasks  tasks.o
    0x08004df0   0x08004df0   0x00000010   Code   RO         3473    i.vApplicationStackOverflowHook  freertos_hooks.o
    0x08004e00   0x08004e00   0x00000010   Code   RO         3474    i.vAssertCalled     freertos_hooks.o
    0x08004e10   0x08004e10   0x00000016   Code   RO         4417    i.vListInitialise   list.o
    0x08004e26   0x08004e26   0x00000006   Code   RO         4418    i.vListInitialiseItem  list.o
    0x08004e2c   0x08004e2c   0x00000030   Code   RO         4419    i.vListInsert       list.o
    0x08004e5c   0x08004e5c   0x00000018   Code   RO         4420    i.vListInsertEnd    list.o
    0x08004e74   0x08004e74   0x00000050   Code   RO         5430    i.vPortEnterCritical  port.o
    0x08004ec4   0x08004ec4   0x00000040   Code   RO         5431    i.vPortExitCritical  port.o
    0x08004f04   0x08004f04   0x00000098   Code   RO         5507    i.vPortFree         heap_4.o
    0x08004f9c   0x08004f9c   0x00000018   Code   RO         5432    i.vPortSetupTimerInterrupt  port.o
    0x08004fb4   0x08004fb4   0x00000064   Code   RO         5433    i.vPortValidateInterruptPriority  port.o
    0x08005018   0x08005018   0x00000046   Code   RO         4473    i.vQueueWaitForMessageRestricted  queue.o
    0x0800505e   0x0800505e   0x00000002   PAD
    0x08005060   0x08005060   0x00000064   Code   RO         4894    i.vTaskDelay        tasks.o
    0x080050c4   0x080050c4   0x00000070   Code   RO         4143    i.vTaskDisplay      display_task.o
    0x08005134   0x08005134   0x0000011c   Code   RO         4163    i.vTaskEncoder      encoder_task.o
    0x08005250   0x08005250   0x00000138   Code   RO         4896    i.vTaskGenericNotifyGiveFromISR  tasks.o
    0x08005388   0x08005388   0x00000010   Code   RO         4898    i.vTaskInternalSetTimeOutState  tasks.o
    0x08005398   0x08005398   0x00000048   Code   RO         4198    i.vTaskMenu         menu_task.o
    0x080053e0   0x080053e0   0x0000000c   Code   RO         4899    i.vTaskMissedYield  tasks.o
    0x080053ec   0x080053ec   0x00000070   Code   RO         4238    i.vTaskMotor        motor_task.o
    0x0800545c   0x0800545c   0x00000048   Code   RO         4900    i.vTaskPlaceOnEventList  tasks.o
    0x080054a4   0x080054a4   0x0000006c   Code   RO         4901    i.vTaskPlaceOnEventListRestricted  tasks.o
    0x08005510   0x08005510   0x000000d8   Code   RO         4903    i.vTaskPriorityDisinheritAfterTimeout  tasks.o
    0x080055e8   0x080055e8   0x00000064   Code   RO         4250    i.vTaskSensor       sensor_task.o
    0x0800564c   0x0800564c   0x00000068   Code   RO         4909    i.vTaskStartScheduler  tasks.o
    0x080056b4   0x080056b4   0x000000e4   Code   RO         4910    i.vTaskSuspend      tasks.o
    0x08005798   0x08005798   0x00000010   Code   RO         4911    i.vTaskSuspendAll   tasks.o
    0x080057a8   0x080057a8   0x000000b0   Code   RO         4912    i.vTaskSwitchContext  tasks.o
    0x08005858   0x08005858   0x0000073c   Code   RO         4266    i.vTaskWiFi         wifi_task.o
    0x08005f94   0x08005f94   0x000000c0   Code   RO         5434    i.xPortStartScheduler  port.o
    0x08006054   0x08006054   0x0000002c   Code   RO         5435    i.xPortSysTickHandler  port.o
    0x08006080   0x08006080   0x00000018   Code   RO         4476    i.xQueueCreateMutex  queue.o
    0x08006098   0x08006098   0x00000064   Code   RO         4478    i.xQueueGenericCreate  queue.o
    0x080060fc   0x080060fc   0x000000c8   Code   RO         4479    i.xQueueGenericReset  queue.o
    0x080061c4   0x080061c4   0x00000188   Code   RO         4480    i.xQueueGenericSend  queue.o
    0x0800634c   0x0800634c   0x00000140   Code   RO         4488    i.xQueueReceive     queue.o
    0x0800648c   0x0800648c   0x0000016c   Code   RO         4493    i.xQueueSemaphoreTake  queue.o
    0x080065f8   0x080065f8   0x0000008c   Code   RO         4914    i.xTaskCheckForTimeOut  tasks.o
    0x08006684   0x08006684   0x0000001e   Code   RO         4915    i.xTaskCreate       tasks.o
    0x080066a2   0x080066a2   0x00000002   PAD
    0x080066a4   0x080066a4   0x000000a4   Code   RO         4916    i.xTaskDelayUntil   tasks.o
    0x08006748   0x08006748   0x0000018c   Code   RO         4918    i.xTaskGenericNotifyFromISR  tasks.o
    0x080068d4   0x080068d4   0x000000f0   Code   RO         4920    i.xTaskGenericNotifyWait  tasks.o
    0x080069c4   0x080069c4   0x0000000c   Code   RO         4921    i.xTaskGetCurrentTaskHandle  tasks.o
    0x080069d0   0x080069d0   0x0000001c   Code   RO         4923    i.xTaskGetSchedulerState  tasks.o
    0x080069ec   0x080069ec   0x0000000c   Code   RO         4924    i.xTaskGetTickCount  tasks.o
    0x080069f8   0x080069f8   0x00000148   Code   RO         4926    i.xTaskIncrementTick  tasks.o
    0x08006b40   0x08006b40   0x000000c4   Code   RO         4927    i.xTaskPriorityDisinherit  tasks.o
    0x08006c04   0x08006c04   0x000000b4   Code   RO         4928    i.xTaskPriorityInherit  tasks.o
    0x08006cb8   0x08006cb8   0x000000f4   Code   RO         4929    i.xTaskRemoveFromEventList  tasks.o
    0x08006dac   0x08006dac   0x00000148   Code   RO         4930    i.xTaskResumeAll    tasks.o
    0x08006ef4   0x08006ef4   0x00000060   Code   RO         5265    i.xTimerCreateTimerTask  timers.o
    0x08006f54   0x08006f54   0x0000002c   Code   RO         5912    locale$$code        c_w.l(lc_numeric_c.o)
    0x08006f80   0x08006f80   0x0000002c   Code   RO         5935    locale$$code        c_w.l(lc_ctype_c.o)
    0x08006fac   0x08006fac   0x00000004   Code   RO         5793    x$fpl$printf1       fz_ws.l(printf1.o)
    0x08006fb0   0x08006fb0   0x00000004   Code   RO         5795    x$fpl$printf2       fz_ws.l(printf2.o)
    0x08006fb4   0x08006fb4   0x00000000   Code   RO         5801    x$fpl$usenofp       fz_ws.l(usenofp.o)
    0x08006fb4   0x08006fb4   0x000005f0   Data   RO         3812    .constdata          oled_data.o
    0x080075a4   0x080075a4   0x0000023a   Data   RO         3813    .constdata          oled_data.o
    0x080077de   0x080077de   0x00000d5c   Data   RO         3814    .constdata          oled_data.o
    0x0800853a   0x0800853a   0x00000010   Data   RO         4164    .constdata          encoder_task.o
    0x0800854a   0x0800854a   0x00000011   Data   RO         5614    .constdata          c_w.l(__printf_flags_ss_wp.o)
    0x0800855b   0x0800855b   0x00000001   PAD
    0x0800855c   0x0800855c   0x00000008   Data   RO         5723    .constdata          c_w.l(_printf_wctomb.o)
    0x08008564   0x08008564   0x00000028   Data   RO         5752    .constdata          c_w.l(_printf_hex_int_ll_ptr.o)
    0x0800858c   0x0800858c   0x00000026   Data   RO         5856    .constdata          c_w.l(_printf_fp_hex.o)
    0x080085b2   0x080085b2   0x00000002   PAD
    0x080085b4   0x080085b4   0x00000094   Data   RO         5887    .constdata          c_w.l(bigflt0.o)
    0x08008648   0x08008648   0x000001fc   Data   RO         4267    .conststring        wifi_task.o
    0x08008844   0x08008844   0x00000020   Data   RO         6061    Region$$Table       anon$$obj.o
    0x08008864   0x08008864   0x0000001c   Data   RO         5911    locale$$data        c_w.l(lc_numeric_c.o)
    0x08008880   0x08008880   0x00000110   Data   RO         5934    locale$$data        c_w.l(lc_ctype_c.o)


    Execution Region ER_RW (Exec base: 0x20000000, Load base: 0x08008990, Size: 0x000000e4, Max: 0xffffffff, ABSOLUTE)

    Exec Addr    Load Addr    Size         Type   Attr      Idx    E Section Name        Object

    0x20000000   0x08008990   0x00000014   Data   RW         1734    .data               stm32f10x_rcc.o
    0x20000014   0x080089a4   0x00000014   Data   RW         3147    .data               system_stm32f10x.o
    0x20000028   0x080089b8   0x00000028   Data   RW         3201    .data               main.o
    0x20000050   0x080089e0   0x00000008   Data   RW         3972    .data               esp8266.o
    0x20000058   0x080089e8   0x00000002   Data   RW         4089    .data               debug_serial.o
    0x2000005a   0x080089ea   0x00000002   PAD
    0x2000005c   0x080089ec   0x00000008   Data   RW         4200    .data               menu_task.o
    0x20000064   0x080089f4   0x00000008   Data   RW         4268    .data               wifi_task.o
    0x2000006c   0x080089fc   0x0000003c   Data   RW         4933    .data               tasks.o
    0x200000a8   0x08008a38   0x00000014   Data   RW         5276    .data               timers.o
    0x200000bc   0x08008a4c   0x0000000c   Data   RW         5436    .data               port.o
    0x200000c8   0x08008a58   0x0000001c   Data   RW         5515    .data               heap_4.o


    Execution Region ER_ZI (Exec base: 0x200000e4, Load base: 0x08008a74, Size: 0x00004fdc, Max: 0xffffffff, ABSOLUTE)

    Exec Addr    Load Addr    Size         Type   Attr      Idx    E Section Name        Object

    0x200000e4        -       0x0000000c   Zero   RW         3200    .bss                main.o
    0x200000f0        -       0x00000400   Zero   RW         3590    .bss                oled.o
    0x200004f0        -       0x00000400   Zero   RW         3971    .bss                esp8266.o
    0x200008f0        -       0x00000400   Zero   RW         4088    .bss                debug_serial.o
    0x20000cf0        -       0x00000054   Zero   RW         4199    .bss                menu_task.o
    0x20000d44        -       0x000000f0   Zero   RW         4932    .bss                tasks.o
    0x20000e34        -       0x00000028   Zero   RW         5275    .bss                timers.o
    0x20000e5c        -       0x00003c00   Zero   RW         5514    .bss                heap_4.o
    0x20004a5c        -       0x00000060   Zero   RW         5873    .bss                c_w.l(libspace.o)
    0x20004abc   0x08008a74   0x00000004   PAD
    0x20004ac0        -       0x00000200   Zero   RW         3137    HEAP                startup_stm32f10x_md.o
    0x20004cc0        -       0x00000400   Zero   RW         3136    STACK               startup_stm32f10x_md.o


==============================================================================

Image component sizes


      Code (inc. data)   RO Data    RW Data    ZI Data      Debug   Object Name

         0          0          0          0          0         32   core_cm3.o
       352         38          0          2       1024       3839   debug_serial.o
        76         22          0          0          0        856   delay.o
       368         14          0          0          0       2886   dht11.o
       112          8          0          0          0       1489   display_task.o
       256         12          0          0          0       1097   ec11.o
       284         14         16          0          0       6961   encoder_task.o
       472         64          0          8       1024       5285   esp8266.o
         0          0          0          0          0      15456   event_groups.o
        32          0          0          0          0      10524   freertos_hooks.o
       716        120          0         28      15360       4963   heap_4.o
       136          0          0          0          0       3042   list.o
       670        238          0         40         12      23791   main.o
      1412        414          0          8         84       5228   menu_task.o
       120         14          0          0          0     252571   misc.o
       240         12          0          0          0       1866   motor.o
       112         10          0          0          0        621   motor_task.o
       996         46          0          0       1024       9303   oled.o
         0          0       5510          0          0       1327   oled_data.o
       742        184          0         12          0       9769   port.o
      2026        166          0          0          0      16574   queue.o
       100         12          0          0          0        526   sensor_task.o
        64         26        236          0       1536        780   startup_stm32f10x_md.o
         0          0          0          0          0       1628   stm32f10x_adc.o
       160         16          0          0          0       4228   stm32f10x_exti.o
       240          6          0          0          0      12942   stm32f10x_gpio.o
        40          0          0          0          0     229074   stm32f10x_it.o
       228         30          0         20          0      13114   stm32f10x_rcc.o
       320         50          0          0          0      23333   stm32f10x_tim.o
       376          6          0          0          0      12643   stm32f10x_usart.o
       260         26          0         20          0       2069   system_stm32f10x.o
      4752        704          0         60        240      43868   tasks.o
       860        126          0         20         40      10764   timers.o
      2764       1280        508          8          0       5488   wifi_task.o

    ----------------------------------------------------------------------
     19308       3658       6302        228      20344     737937   Object Totals
         0          0         32          0          0          0   (incl. Generated)
        22          0          0          2          0          0   (incl. Padding)

    ----------------------------------------------------------------------

      Code (inc. data)   RO Data    RW Data    ZI Data      Debug   Library Member Name

        60          8          0          0          0         84   __0sscanf.o
        56          6          0          0          0         88   __2snprintf.o
         8          0          0          0          0         68   __main.o
       392          4         17          0          0         92   __printf_flags_ss_wp.o
        14          0          0          0          0         68   __printf_wp.o
         0          0          0          0          0          0   __rtentry.o
        12          0          0          0          0          0   __rtentry2.o
         6          0          0          0          0          0   __rtentry4.o
        52          8          0          0          0          0   __scatter.o
        26          0          0          0          0          0   __scatter_copy.o
        28          0          0          0          0          0   __scatter_zi.o
        28          0          0          0          0         68   _chval.o
         6          0          0          0          0          0   _printf_a.o
         6          0          0          0          0          0   _printf_c.o
        44          0          0          0          0        108   _printf_char.o
        48          6          0          0          0         96   _printf_char_common.o
        40          0          0          0          0         68   _printf_charcount.o
         6          0          0          0          0          0   _printf_d.o
       120         16          0          0          0         92   _printf_dec.o
         6          0          0          0          0          0   _printf_e.o
         6          0          0          0          0          0   _printf_f.o
      1054          0          0          0          0        216   _printf_fp_dec.o
       764          8         38          0          0        100   _printf_fp_hex.o
       128         16          0          0          0         84   _printf_fp_infnan.o
         6          0          0          0          0          0   _printf_g.o
       148          4         40          0          0        160   _printf_hex_int_ll_ptr.o
         6          0          0          0          0          0   _printf_i.o
       178          0          0          0          0         88   _printf_intcommon.o
        10          0          0          0          0          0   _printf_l.o
         6          0          0          0          0          0   _printf_lc.o
        10          0          0          0          0          0   _printf_ll.o
         6          0          0          0          0          0   _printf_lld.o
         6          0          0          0          0          0   _printf_lli.o
         6          0          0          0          0          0   _printf_llo.o
         6          0          0          0          0          0   _printf_llu.o
         6          0          0          0          0          0   _printf_llx.o
       124         16          0          0          0         92   _printf_longlong_dec.o
         6          0          0          0          0          0   _printf_ls.o
         6          0          0          0          0          0   _printf_n.o
         6          0          0          0          0          0   _printf_o.o
       112         10          0          0          0        124   _printf_oct_int_ll.o
         6          0          0          0          0          0   _printf_p.o
        78          0          0          0          0        108   _printf_pad.o
         0          0          0          0          0          0   _printf_percent.o
         4          0          0          0          0          0   _printf_percent_end.o
         6          0          0          0          0          0   _printf_s.o
        82          0          0          0          0         80   _printf_str.o
        36          0          0          0          0         84   _printf_truncate.o
         6          0          0          0          0          0   _printf_u.o
        44          0          0          0          0        108   _printf_wchar.o
       188          6          8          0          0         92   _printf_wctomb.o
         6          0          0          0          0          0   _printf_x.o
       884          6          0          0          0        100   _scanf.o
       332          0          0          0          0         96   _scanf_int.o
        64          0          0          0          0         84   _sgetc.o
        16          0          0          0          0         68   _snputc.o
        10          0          0          0          0         68   _sputc.o
        64          0          0          0          0         92   _wcrtomb.o
        16          0          0          0          0         68   aeabi_memset.o
       228          4        148          0          0         96   bigflt0.o
      1936        128          0          0          0        672   btod.o
        18          0          0          0          0         80   exit.o
         6          0          0          0          0        152   heapauxi.o
         0          0          0          0          0          0   indicate_semi.o
        18          0          0          0          0         76   isspace.o
        44         10        272          0          0         76   lc_ctype_c.o
        44         10         28          0          0         76   lc_numeric_c.o
         2          0          0          0          0          0   libinit.o
        30          0          0          0          0          0   libinit2.o
         2          0          0          0          0          0   libshutdown.o
         2          0          0          0          0          0   libshutdown2.o
         8          4          0          0         96         68   libspace.o
       138          0          0          0          0         80   lludiv10.o
       238          0          0          0          0        100   lludivv7m.o
        16          4          0          0          0         76   rt_ctype_table.o
         8          4          0          0          0         68   rt_locale_intlibspace.o
        68          0          0          0          0         68   rt_memclr.o
        78          0          0          0          0         80   rt_memclr_w.o
       138          0          0          0          0         68   rt_memcpy_v6.o
       100          0          0          0          0         80   rt_memcpy_w.o
         2          0          0          0          0          0   rtexit.o
        10          0          0          0          0          0   rtexit2.o
        44          8          0          0          0         84   scanf_char.o
        20          0          0          0          0         68   strchr.o
       128          0          0          0          0         68   strcmpv7m.o
        86          0          0          0          0         76   strncpy.o
        36          0          0          0          0         80   strstr.o
        12          4          0          0          0         68   sys_exit.o
        74          0          0          0          0         80   sys_stackheap_outer.o
         2          0          0          0          0         68   use_no_semi.o
        52          4          0          0          0         80   vsnprintf.o
         4          0          0          0          0         68   printf1.o
         4          0          0          0          0         68   printf2.o
         0          0          0          0          0          0   usenofp.o
        40          0          0          0          0         68   fpclassify.o

    ----------------------------------------------------------------------
      9052        294        554          0        100       5536   Library Totals
        16          0          3          0          4          0   (incl. Padding)

    ----------------------------------------------------------------------

      Code (inc. data)   RO Data    RW Data    ZI Data      Debug   Library Name

      8988        294        551          0         96       5332   c_w.l
         8          0          0          0          0        136   fz_ws.l
        40          0          0          0          0         68   m_ws.l

    ----------------------------------------------------------------------
      9052        294        554          0        100       5536   Library Totals

    ----------------------------------------------------------------------

==============================================================================


      Code (inc. data)   RO Data    RW Data    ZI Data      Debug   

     28360       3952       6856        228      20444     731145   Grand Totals
     28360       3952       6856        228      20444     731145   ELF Image Totals
     28360       3952       6856        228          0          0   ROM Totals

==============================================================================

    Total RO  Size (Code + RO Data)                35216 (  34.39kB)
    Total RW  Size (RW Data + ZI Data)             20672 (  20.19kB)
    Total ROM Size (Code + RO Data + RW Data)      35444 (  34.61kB)

==============================================================================

